Archive member included to satisfy reference by file (symbol)

/opt/devkitpro/libctru/lib/libctru.a(gfx.o)
                              main.o (gfxInitDefault)
/opt/devkitpro/libctru/lib/libctru.a(apt.o)
                              main.o (aptMainLoop)
/opt/devkitpro/libctru/lib/libctru.a(gsp.o)
                              /opt/devkitpro/libctru/lib/libctru.a(gfx.o) (gspInit)
/opt/devkitpro/libctru/lib/libctru.a(gx.o)
                              /opt/devkitpro/libctru/lib/libctru.a(gfx.o) (gxCmdBuf)
/opt/devkitpro/libctru/lib/libctru.a(hid.o)
                              main.o (hidScanInput)
/opt/devkitpro/libctru/lib/libctru.a(irrst.o)
                              /opt/devkitpro/libctru/lib/libctru.a(hid.o) (irrstScanInput)
/opt/devkitpro/libctru/lib/libctru.a(initArgv.o)
                              /opt/devkitpro/devkitARM/lib/gcc/arm-none-eabi/4.9.2/../../../../arm-none-eabi/lib/armv6k/fpu/3dsx_crt0.o (__system_argc)
/opt/devkitpro/libctru/lib/libctru.a(initSystem.o)
                              /opt/devkitpro/libctru/lib/libctru.a(apt.o) (__system_retAddr)
/opt/devkitpro/libctru/lib/libctru.a(svc.o)
                              /opt/devkitpro/libctru/lib/libctru.a(apt.o) (svcCreateThread)
/opt/devkitpro/libctru/lib/libctru.a(stack_adjust.o)
                              /opt/devkitpro/devkitARM/lib/gcc/arm-none-eabi/4.9.2/../../../../arm-none-eabi/lib/armv6k/fpu/3dsx_crt0.o (initSystem)
/opt/devkitpro/libctru/lib/libctru.a(linear.o)
                              /opt/devkitpro/libctru/lib/libctru.a(gfx.o) (linearAlloc)
/opt/devkitpro/libctru/lib/libctru.a(mappable.o)
                              /opt/devkitpro/libctru/lib/libctru.a(gfx.o) (mappableAlloc)
/opt/devkitpro/libctru/lib/libctru.a(mem_pool.o)
                              /opt/devkitpro/libctru/lib/libctru.a(linear.o) (MemPool::Allocate(MemChunk&, unsigned long, int))
/opt/devkitpro/libctru/lib/libctru.a(vram.o)
                              /opt/devkitpro/libctru/lib/libctru.a(gfx.o) (vramAlloc)
/opt/devkitpro/libctru/lib/libctru.a(os.o)
                              /opt/devkitpro/libctru/lib/libctru.a(initSystem.o) (__libctru_gtod)
/opt/devkitpro/libctru/lib/libctru.a(romfs_dev.o)
                              /opt/devkitpro/libctru/lib/libctru.a(os.o) (romfsInitFromFile)
/opt/devkitpro/libctru/lib/libctru.a(srv.o)
                              /opt/devkitpro/libctru/lib/libctru.a(irrst.o) (__get_handle_from_list)
/opt/devkitpro/libctru/lib/libctru.a(cfgu.o)
                              /opt/devkitpro/libctru/lib/libctru.a(os.o) (initCfgu)
/opt/devkitpro/libctru/lib/libctru.a(fs.o)
                              /opt/devkitpro/libctru/lib/libctru.a(os.o) (FSUSER_OpenFileDirectly)
/opt/devkitpro/libctru/lib/libctru.a(ptm.o)
                              /opt/devkitpro/libctru/lib/libctru.a(os.o) (ptmSysmInit)
/opt/devkitpro/libctru/lib/libctru.a(rbtree_find.o)
                              /opt/devkitpro/libctru/lib/libctru.a(linear.o) (rbtree_find)
/opt/devkitpro/libctru/lib/libctru.a(rbtree_init.o)
                              /opt/devkitpro/libctru/lib/libctru.a(linear.o) (rbtree_init)
/opt/devkitpro/libctru/lib/libctru.a(rbtree_insert.o)
                              /opt/devkitpro/libctru/lib/libctru.a(linear.o) (rbtree_insert)
/opt/devkitpro/libctru/lib/libctru.a(rbtree_remove.o)
                              /opt/devkitpro/libctru/lib/libctru.a(linear.o) (rbtree_remove)
/opt/devkitpro/libctru/lib/libctru.a(rbtree_rotate.o)
                              /opt/devkitpro/libctru/lib/libctru.a(rbtree_insert.o) (rbtree_rotate)
/opt/devkitpro/libctru/lib/libctru.a(utf8_to_utf16.o)
                              /opt/devkitpro/libctru/lib/libctru.a(romfs_dev.o) (utf8_to_utf16)
/opt/devkitpro/libctru/lib/libctru.a(allocateHeaps.o)
                              /opt/devkitpro/libctru/lib/libctru.a(initSystem.o) (__system_allocateHeaps)
/opt/devkitpro/libctru/lib/libctru.a(appExit.o)
                              /opt/devkitpro/libctru/lib/libctru.a(stack_adjust.o) (__appExit)
/opt/devkitpro/libctru/lib/libctru.a(appInit.o)
                              /opt/devkitpro/libctru/lib/libctru.a(stack_adjust.o) (__appInit)
/opt/devkitpro/libctru/lib/libctru.a(ctru_exit.o)
                              /opt/devkitpro/libctru/lib/libctru.a(stack_adjust.o) (__libctru_exit)
/opt/devkitpro/libctru/lib/libctru.a(sdmc_dev.o)
                              /opt/devkitpro/libctru/lib/libctru.a(appInit.o) (sdmcInit)
/opt/devkitpro/libctru/lib/libctru.a(rbtree_iterator.o)
                              /opt/devkitpro/libctru/lib/libctru.a(rbtree_remove.o) (rbtree_node_next)
/opt/devkitpro/libctru/lib/libctru.a(decode_utf8.o)
                              /opt/devkitpro/libctru/lib/libctru.a(utf8_to_utf16.o) (decode_utf8)
/opt/devkitpro/libctru/lib/libctru.a(encode_utf16.o)
                              /opt/devkitpro/libctru/lib/libctru.a(utf8_to_utf16.o) (encode_utf16)
/opt/devkitpro/libctru/lib/libctru.a(utf16_to_utf8.o)
[...]
Memory Configuration

Name             Origin             Length             Attributes
*default*        0x00000000         0xffffffff

Linker script and memory map

                0x00100000                . = 0x100000
                0x00100000                __start__ = .

.text           0x00100000    0x1b6ec
 *(.crt0)
 .crt0          0x00100000       0x94 /opt/devkitpro/devkitARM/lib/gcc/arm-none-eabi/4.9.2/../../../../arm-none-eabi/lib/armv6k/fpu/3dsx_crt0.o
                0x00100000                _start
                0x00100008                __service_ptr
                0x0010000c                __apt_appid
                0x00100010                __heap_size
                0x00100014                __linear_heap_size
                0x00100018                __system_arglist
                0x0010001c                __system_runflags
 *(.init)
 .init          0x00100094        0xc /opt/devkitpro/devkitARM/lib/gcc/arm-none-eabi/4.9.2/armv6k/fpu/crti.o
                0x00100094                _init
 .init          0x001000a0        0xc /opt/devkitpro/devkitARM/lib/gcc/arm-none-eabi/4.9.2/armv6k/fpu/crtn.o
                0x001000ac                . = ALIGN (0x4)
 *(.text)
 .text          0x001000ac        0x0 /opt/devkitpro/devkitARM/lib/gcc/arm-none-eabi/4.9.2/../../../../arm-none-eabi/lib/armv6k/fpu/3dsx_crt0.o
 .text          0x001000ac        0x0 /opt/devkitpro/devkitARM/lib/gcc/arm-none-eabi/4.9.2/armv6k/fpu/crti.o
 .text          0x001000ac      0x108 /opt/devkitpro/devkitARM/lib/gcc/arm-none-eabi/4.9.2/armv6k/fpu/crtbegin.o
 .text          0x001001b4        0x0 main.o
 .text          0x001001b4      0x748 /opt/devkitpro/libctru/lib/libctru.a(gfx.o)
                0x00100240                gfxSet3D
                0x00100250                gfxSetScreenFormat
                0x00100268                gfxGetScreenFormat
                0x00100280                gfxSetDoubleBuffering
                0x00100294                gfxSetFramebufferInfo
                0x00100304                gfxWriteFramebufferInfo
                0x001003c8                gfxInit
                0x001005a8                gfxInitDefault
                0x001005b8                gfxExit
                0x001006a0                gfxGetFramebuffer
                0x00100750                gfxFlushBuffers
                0x0010082c                gfxSwapBuffers
                0x001008a0                gfxSwapBuffersGpu
 .text          0x001008fc     0x1e3c /opt/devkitpro/libctru/lib/libctru.a(apt.o)
                0x00100960                _aptDebug
                0x00100964                aptInitCaptureInfo
                0x00100a14                aptWaitStatusEvent
                0x00100a3c                aptHook
                0x00100a74                aptUnhook
                0x00100aa0                aptGetStatus
                0x00100ad8                aptSetStatus
                0x00100b48                aptGetStatusPower
                0x00100b80                aptSetStatusPower
                0x00100bb8                aptOpenSession
                0x00100bdc                aptCloseSession
                0x00100c04                aptSignalReadyForSleep
                0x00100c14                APT_GetLockHandle
                0x00100c64                APT_Initialize
                0x00100ccc                APT_Finalize
                0x00100d08                APT_HardwareResetAsync
                0x00100d3c                APT_Enable
                0x00100d78                APT_GetAppletManInfo
                0x00100df8                aptGetMenuAppID
                0x00100e34                APT_GetAppletInfo
                0x00100ecc                APT_GetAppletProgramInfo
                0x00100f20                APT_GetProgramID
                0x00100f90                APT_IsRegistered
                0x00100fe0                APT_InquireNotification
                0x00101030                APT_PrepareToJumpToHomeMenu
                0x00101064                APT_JumpToHomeMenu
                0x001010b4                APT_PrepareToJumpToApplication
                0x001010f0                APT_JumpToApplication
                0x00101140                APT_NotifyToWait
                0x0010117c                APT_AppletUtility
                0x00101204                aptAppletUtility_Exit_RetToApp
                0x00101324                aptAppletClosed
                0x00101434                aptInit
                0x001015fc                APT_GlanceParameter
                0x00101670                APT_ReceiveParameter
                0x001016e4                APT_SendParameter
                0x00101754                APT_SendCaptureBufferInfo
                0x001017a0                aptReturnToMenu
                0x00101974                APT_ReplySleepQuery
                0x001019b4                APT_ReplySleepNotificationComplete
                0x001019f0                aptEventHandler
                0x00101cf4                APT_PrepareToCloseApplication
                0x00101d30                APT_CloseApplication
                0x00101d88                aptExit
                0x00101f74                APT_SetAppCpuTimeLimit
                0x00101fb8                APT_GetAppCpuTimeLimit
                0x0010200c                APT_CheckNew3DS_Application
                0x00102068                APT_CheckNew3DS_System
                0x001020c4                APT_CheckNew3DS
                0x00102138                APT_PrepareToDoAppJump
                0x00102184                APT_DoAppJump
                0x001021ec                APT_PrepareToStartLibraryApplet
                0x00102228                APT_StartLibraryApplet
                0x00102288                aptAppletStarted
                0x0010238c                aptMainLoop
                0x00102504                APT_LaunchLibraryApplet
                0x0010269c                APT_PrepareToStartSystemApplet
                0x001026d8                APT_StartSystemApplet
 .text          0x00102738      0x934 /opt/devkitpro/libctru/lib/libctru.a(gsp.o)
                0x0010281c                gspInit
                0x00102830                gspExit
                0x00102848                gspInitEventHandler
                0x00102914                gspExitEventHandler
                0x0010296c                gspWaitForEvent
                0x001029c4                GSPGPU_WriteHWRegs
                0x00102a34                GSPGPU_WriteHWRegsWithMask
                0x00102ac0                GSPGPU_ReadHWRegs
                0x00102b30                GSPGPU_SetBufferSwap
                0x00102ba4                GSPGPU_FlushDataCache
                0x00102bf8                GSPGPU_InvalidateDataCache
                0x00102c4c                GSPGPU_SetLcdForceBlack
                0x00102c88                GSPGPU_TriggerCmdReqQueue
                0x00102cbc                GSPGPU_RegisterInterruptRelayQueue
                0x00102d28                GSPGPU_UnregisterInterruptRelayQueue
                0x00102d5c                GSPGPU_AcquireRight
                0x00102dac                GSPGPU_ReleaseRight
                0x00102de0                GSPGPU_ImportDisplayCaptureInfo
                0x00102e64                GSPGPU_SaveVramSysArea
                0x00102e98                GSPGPU_RestoreVramSysArea
                0x00102ecc                GSPGPU_SubmitGxCommand
                0x00102fd8                gspLcdInit
                0x00102fec                gspLcdExit
                0x00103004                GSPLCD_PowerOffBacklight
                0x00103038                GSPLCD_PowerOnBacklight
 .text          0x0010306c      0x264 /opt/devkitpro/libctru/lib/libctru.a(gx.o)
                0x0010306c                GX_RequestDma
                0x001030c0                GX_SetCommandList_Last
                0x00103128                GX_SetMemoryFill
                0x0010319c                GX_SetDisplayTransfer
                0x00103200                GX_SetTextureCopy
                0x00103268                GX_SetCommandList_First
 .text          0x001032d0      0x754 /opt/devkitpro/libctru/lib/libctru.a(hid.o)
                0x001032d0                hidExit
                0x001033a0                hidWaitForEvent
                0x001033f8                hidCheckSectionUpdateTime
                0x00103434                hidScanInput
                0x0010367c                hidKeysHeld
                0x0010368c                hidKeysDown
                0x0010369c                hidKeysUp
                0x001036ac                hidTouchRead
                0x001036c4                hidCircleRead
                0x001036dc                hidAccelRead
                0x001036fc                hidGyroRead
                0x0010371c                HIDUSER_GetHandles
                0x001037ac                hidInit
                0x00103900                HIDUSER_EnableAccelerometer
                0x0010392c                HIDUSER_DisableAccelerometer
                0x00103958                HIDUSER_EnableGyroscope
                0x00103984                HIDUSER_DisableGyroscope
                0x001039b0                HIDUSER_GetGyroscopeRawToDpsCoefficient
                0x001039ec                HIDUSER_GetSoundVolume
 .text          0x00103a24      0x3c0 /opt/devkitpro/libctru/lib/libctru.a(irrst.o)
                0x00103a24                irrstWaitForEvent
                0x00103a70                irrstCheckSectionUpdateTime
                0x00103aac                irrstScanInput
                0x00103b60                irrstKeysHeld
                0x00103b78                irrstCstickRead
                0x00103b90                IRRST_GetHandles
                0x00103be0                IRRST_Initialize
                0x00103c18                irrstInit
                0x00103d18                IRRST_Shutdown
                0x00103d44                irrstExit
 .text          0x00103de4       0xf4 /opt/devkitpro/libctru/lib/libctru.a(initArgv.o)
                0x00103de4                __system_initArgv
 .text          0x00103ed8       0x4c /opt/devkitpro/libctru/lib/libctru.a(initSystem.o)
                0x00103ed8                __libctru_init
 *fill*         0x00103f24        0xc 
 .text          0x00103f30      0x460 /opt/devkitpro/libctru/lib/libctru.a(svc.o)
                0x00103f30                svcControlMemory
                0x00103f50                svcQueryMemory
                0x00103f80                svcExitProcess
                0x00103f88                svcCreateThread
                0x00103fa8                svcExitThread
                0x00103fb0                svcSleepThread
                0x00103fb8                svcGetThreadPriority
                0x00103fcc                svcSetThreadPriority
                0x00103fd4                svcGetThreadAffinityMask
                0x00103fdc                svcSetThreadAffinityMask
                0x00103fe4                svcGetThreadIdealProcessor
                0x00103ff8                svcSetThreadIdealProcessor
                0x00104000                svcGetProcessorID
                0x00104008                svcCreateMutex
                0x0010401c                svcReleaseMutex
                0x00104024                svcCreateSemaphore
                0x00104038                svcReleaseSemaphore
                0x0010404c                svcCreateEvent
                0x00104060                svcSignalEvent
                0x00104068                svcClearEvent
                0x00104070                svcCreateTimer
                0x00104084                svcSetTimer
                0x0010408c                svcCancelTimer
                0x00104094                svcClearTimer
                0x0010409c                svcCreateMemoryBlock
                0x001040b4                svcMapMemoryBlock
                0x001040bc                svcUnmapMemoryBlock
                0x001040c4                svcCreateAddressArbiter
                0x001040d8                svcArbitrateAddress
                0x001040f8                svcCloseHandle
                0x00104100                svcWaitSynchronization
                0x00104108                svcWaitSynchronizationN
                0x00104130                svcDuplicateHandle
                0x00104144                svcGetSystemTick
                0x0010414c                svcGetSystemInfo
                0x00104164                svcGetProcessInfo
                0x0010417c                svcGetThreadInfo
                0x00104194                svcConnectToPort
                0x001041a8                svcSendSyncRequest
                0x001041b0                svcOpenProcess
                0x001041c4                svcOpenThread
                0x001041d8                svcGetProcessId
                0x001041ec                svcGetProcessIdOfThread
                0x00104200                svcGetThreadId
                0x00104214                svcBreak
                0x0010421c                svcOutputDebugString
                0x00104224                svcCreatePort
                0x00104244                svcAcceptSession
                0x0010425c                svcReplyAndReceive
                0x00104274                svcInvalidateProcessDataCache
                0x0010427c                svcFlushProcessDataCache
                0x00104284                svcStartInterProcessDma
                0x001042a4                svcStopDma
                0x001042ac                svcGetDmaState
                0x001042c0                svcDebugActiveProcess
                0x001042d4                svcBreakDebugProcess
                0x001042dc                svcTerminateDebugProcess
                0x001042e4                svcGetProcessDebugEvent
                0x001042ec                svcContinueDebugEvent
                0x001042f4                svcGetProcessList
                0x00104314                svcReadProcessMemory
                0x0010431c                svcWriteProcessMemory
                0x00104324                svcControlProcessMemory
                0x0010433c                svcMapProcessMemory
                0x00104344                svcUnmapProcessMemory
                0x0010434c                svcTerminateProcess
                0x00104354                svcBackdoor
                0x0010435c                svcKernelSetState
                0x00104364                svcQueryProcessMemory
 .text          0x00104390       0x64 /opt/devkitpro/libctru/lib/libctru.a(stack_adjust.o)
                0x00104390                initSystem
                0x001043d4                __ctru_exit
 .text          0x001043f4      0x1d4 /opt/devkitpro/libctru/lib/libctru.a(linear.o)
                0x0010441c                linearMemAlign
                0x0010455c                linearAlloc
                0x00104564                linearRealloc
                0x0010456c                linearFree
                0x001045bc                linearSpaceFree
 .text          0x001045c8      0x178 /opt/devkitpro/libctru/lib/libctru.a(mappable.o)
                0x001045f0                mappableAlloc
                0x001046e4                mappableFree
                0x00104734                mappableSpaceFree
 .text          0x00104740      0x35c /opt/devkitpro/libctru/lib/libctru.a(mem_pool.o)
                0x00104740                MemPool::CoalesceRight(MemBlock*)
                0x001047e0                MemPool::Allocate(MemChunk&, unsigned long, int)
                0x00104968                MemPool::Deallocate(MemChunk const&)
                0x00104a6c                MemPool::GetFreeSpace()
 .text          0x00104a9c      0x1c4 /opt/devkitpro/libctru/lib/libctru.a(vram.o)
                0x00104ac4                vramMemAlign
                0x00104bf4                vramAlloc
                0x00104bfc                vramRealloc
                0x00104c04                vramFree
                0x00104c54                vramSpaceFree
 .text          0x00104c60      0x550 /opt/devkitpro/libctru/lib/libctru.a(os.o)
                0x00104d94                osConvertVirtToPhys
                0x00104de0                osConvertOldLINEARMemToNew
                0x00104e00                __libctru_gtod
                0x00104ef4                osGetTime
                0x00104f68                osGetFirmVersion
                0x00104f7c                osGetKernelVersion
                0x00104f90                osStrError
                0x00104fb0                osGetWifiStrength
                0x00104fc0                __ctru_speedup_config
                0x00104ff4                osSetSpeedupEnable
                0x00105004                osGetSystemVersionData
                0x00105134                osGetSystemVersionDataString
 .text          0x001051b0      0xa8c /opt/devkitpro/libctru/lib/libctru.a(romfs_dev.o)
                0x00105930                romfsInit
                0x00105bb8                romfsInitFromFile
                0x00105be0                romfsExit
 .text          0x00105c3c      0x3b8 /opt/devkitpro/libctru/lib/libctru.a(srv.o)
                0x00105c3c                __get_handle_from_list
                0x00105cd4                __destroy_handle_list
                0x00105d28                srvExit
                0x00105d50                srvGetSessionHandle
                0x00105d5c                srvRegisterClient
                0x00105d94                srvInit
                0x00105dfc                srvGetServiceHandle
                0x00105e7c                srvRegisterService
                0x00105ed8                srvUnregisterService
                0x00105f24                srvPmInit
                0x00105f78                srvRegisterProcess
                0x00105fc0                srvUnregisterProcess
 .text          0x00105ff4      0x288 /opt/devkitpro/libctru/lib/libctru.a(cfgu.o)
                0x00105ff4                initCfgu
                0x00106048                exitCfgu
                0x00106068                CFGU_SecureInfoGetRegion
                0x001060a0                CFGU_GenHashConsoleUnique
                0x001060f8                CFGU_GetRegionCanadaUSA
                0x00106130                CFGU_GetSystemModel
                0x00106168                CFGU_GetModelNintendo2DS
                0x001061a0                CFGU_GetCountryCodeString
                0x001061e0                CFGU_GetCountryCodeID
                0x00106220                CFGU_GetConfigInfoBlk2
                0x00106268                CFGU_GetSystemLanguage
 .text          0x0010627c      0xd4c /opt/devkitpro/libctru/lib/libctru.a(fs.o)
                0x0010627c                FS_makePath
                0x001062a8                fsExit
                0x001062cc                fsGetSessionHandle
                0x001062d8                FSUSER_Initialize
                0x0010634c                fsInit
                0x001063b8                FSUSER_OpenFile
                0x00106464                FSUSER_OpenFileDirectly
                0x00106530                FSUSER_DeleteFile
                0x001065b8                FSUSER_RenameFile
                0x0010667c                FSUSER_DeleteDirectory
                0x00106704                FSUSER_DeleteDirectoryRecursively
                0x0010678c                FSUSER_CreateFile
                0x00106824                FSUSER_CreateDirectory
                0x001068b0                FSUSER_RenameDirectory
                0x00106974                FSUSER_OpenDirectory
                0x00106a08                FSUSER_OpenArchive
                0x00106a90                FSUSER_CloseArchive
                0x00106ae8                FSUSER_GetSdmcArchiveResource
                0x00106b64                FSUSER_GetNandArchiveResource
                0x00106be0                FSUSER_IsSdmcDetected
                0x00106c2c                FSUSER_GetProductInfo
                0x00106ca4                FSUSER_GetMediaType
                0x00106cf0                FSUSER_IsSdmcWritable
                0x00106d3c                FSFILE_Close
                0x00106d80                FSFILE_Read
                0x00106ddc                FSFILE_Write
                0x00106e40                FSFILE_GetSize
                0x00106e80                FSFILE_SetSize
                0x00106eac                FSFILE_GetAttributes
                0x00106ee4                FSFILE_SetAttributes
                0x00106f0c                FSFILE_Flush
                0x00106f30                FSDIR_Read
                0x00106f84                FSDIR_Close
 .text          0x00106fc8      0x1bc /opt/devkitpro/libctru/lib/libctru.a(ptm.o)
                0x00106fc8                ptmInit
                0x00106fdc                ptmExit
                0x00106fec                ptmSysmInit
                0x00107000                ptmSysmExit
                0x00107010                PTMU_GetShellState
                0x00107050                PTMU_GetBatteryLevel
                0x00107090                PTMU_GetBatteryChargeState
                0x001070d0                PTMU_GetPedometerState
                0x00107110                PTMU_GetTotalStepCount
                0x00107150                PTMSYSM_ConfigureNew3DSCPU
 .text          0x00107184       0x70 /opt/devkitpro/libctru/lib/libctru.a(rbtree_find.o)
                0x00107184                rbtree_find
 .text          0x001071f4       0x14 /opt/devkitpro/libctru/lib/libctru.a(rbtree_init.o)
                0x001071f4                rbtree_init
 .text          0x00107208      0x1f4 /opt/devkitpro/libctru/lib/libctru.a(rbtree_insert.o)
                0x001073ec                rbtree_insert
                0x001073f4                rbtree_insert_multi
 .text          0x001073fc      0x340 /opt/devkitpro/libctru/lib/libctru.a(rbtree_remove.o)
                0x001073fc                rbtree_remove
 .text          0x0010773c       0xac /opt/devkitpro/libctru/lib/libctru.a(rbtree_rotate.o)
                0x0010773c                rbtree_rotate
 .text          0x001077e8       0xb8 /opt/devkitpro/libctru/lib/libctru.a(utf8_to_utf16.o)
                0x001077e8                utf8_to_utf16
 .text          0x001078a0       0xa4 /opt/devkitpro/libctru/lib/libctru.a(allocateHeaps.o)
                0x001078a0                __system_allocateHeaps
 .text          0x00107944       0x1c /opt/devkitpro/libctru/lib/libctru.a(appExit.o)
                0x00107944                __appExit
 .text          0x00107960       0x1c /opt/devkitpro/libctru/lib/libctru.a(appInit.o)
                0x00107960                __appInit
 .text          0x0010797c       0x90 /opt/devkitpro/libctru/lib/libctru.a(ctru_exit.o)
                0x0010797c                __libctru_exit
 .text          0x00107a0c      0xffc /opt/devkitpro/libctru/lib/libctru.a(sdmc_dev.o)
                0x00108888                sdmcInit
                0x001089b8                sdmcExit
 .text          0x00108a08      0x118 /opt/devkitpro/libctru/lib/libctru.a(rbtree_iterator.o)
                0x00108a08                rbtree_node_next
                0x00108a94                rbtree_node_prev
 .text          0x00108b20      0x138 /opt/devkitpro/libctru/lib/libctru.a(decode_utf8.o)
                0x00108b20                decode_utf8
 .text          0x00108c58       0x68 /opt/devkitpro/libctru/lib/libctru.a(encode_utf16.o)
                0x00108c58                encode_utf16
 .text          0x00108cc0       0xe8 /opt/devkitpro/libctru/lib/libctru.a(utf16_to_utf8.o)
                0x00108cc0                utf16_to_utf8
 .text          0x00108da8       0x60 /opt/devkitpro/libctru/lib/libctru.a(decode_utf16.o)
                0x00108da8                decode_utf16
 .text          0x00108e08      0x104 /opt/devkitpro/libctru/lib/libctru.a(encode_utf8.o)
                0x00108e08                encode_utf8
 .text          0x00108f0c        0x0 /opt/devkitpro/devkitARM/lib/gcc/arm-none-eabi/4.9.2/../../../../arm-none-eabi/lib/armv6k/fpu/libm.a(lib_a-s_sin.o)
 .text          0x00108f0c        0x0 /opt/devkitpro/devkitARM/lib/gcc/arm-none-eabi/4.9.2/../../../../arm-none-eabi/lib/armv6k/fpu/libm.a(lib_a-e_rem_pio2.o)
 .text          0x00108f0c        0x0 /opt/devkitpro/devkitARM/lib/gcc/arm-none-eabi/4.9.2/../../../../arm-none-eabi/lib/armv6k/fpu/libm.a(lib_a-k_cos.o)
 .text          0x00108f0c        0x0 /opt/devkitpro/devkitARM/lib/gcc/arm-none-eabi/4.9.2/../../../../arm-none-eabi/lib/armv6k/fpu/libm.a(lib_a-k_rem_pio2.o)
 .text          0x00108f0c        0x0 /opt/devkitpro/devkitARM/lib/gcc/arm-none-eabi/4.9.2/../../../../arm-none-eabi/lib/armv6k/fpu/libm.a(lib_a-k_sin.o)
 .text          0x00108f0c        0x0 /opt/devkitpro/devkitARM/lib/gcc/arm-none-eabi/4.9.2/../../../../arm-none-eabi/lib/armv6k/fpu/libm.a(lib_a-s_fabs.o)
 .text          0x00108f0c        0x0 /opt/devkitpro/devkitARM/lib/gcc/arm-none-eabi/4.9.2/../../../../arm-none-eabi/lib/armv6k/fpu/libm.a(lib_a-s_floor.o)
 .text          0x00108f0c        0x0 /opt/devkitpro/devkitARM/lib/gcc/arm-none-eabi/4.9.2/../../../../arm-none-eabi/lib/armv6k/fpu/libm.a(lib_a-s_scalbn.o)
 .text          0x00108f0c        0x0 /opt/devkitpro/devkitARM/lib/gcc/arm-none-eabi/4.9.2/../../../../arm-none-eabi/lib/armv6k/fpu/libm.a(lib_a-s_copysign.o)
 .text          0x00108f0c      0x20c /opt/devkitpro/devkitARM/lib/gcc/arm-none-eabi/4.9.2/armv6k/fpu/libgcc.a(_udivsi3.o)
                0x00108f0c                __udivsi3
                0x00108f0c                __aeabi_uidiv
                0x001090f8                __aeabi_uidivmod
 .text          0x00109118        0x4 /opt/devkitpro/devkitARM/lib/gcc/arm-none-eabi/4.9.2/armv6k/fpu/libgcc.a(_dvmd_tls.o)
                0x00109118                __aeabi_ldiv0
                0x00109118                __aeabi_idiv0
 .text          0x0010911c        0x0 /opt/devkitpro/devkitARM/lib/gcc/arm-none-eabi/4.9.2/../../../../arm-none-eabi/lib/armv6k/fpu/libg.a(lib_a-bsearch.o)
 .text          0x0010911c        0x0 /opt/devkitpro/devkitARM/lib/gcc/arm-none-eabi/4.9.2/../../../../arm-none-eabi/lib/armv6k/fpu/libg.a(lib_a-errno.o)
 .text          0x0010911c        0x0 /opt/devkitpro/devkitARM/lib/gcc/arm-none-eabi/4.9.2/../../../../arm-none-eabi/lib/armv6k/fpu/libg.a(lib_a-fclose.o)
 .text          0x0010911c        0x0 /opt/devkitpro/devkitARM/lib/gcc/arm-none-eabi/4.9.2/../../../../arm-none-eabi/lib/armv6k/fpu/libg.a(lib_a-fflush.o)
 .text          0x0010911c        0x0 /opt/devkitpro/devkitARM/lib/gcc/arm-none-eabi/4.9.2/../../../../arm-none-eabi/lib/armv6k/fpu/libg.a(lib_a-findfp.o)
 .text          0x0010911c        0x0 /opt/devkitpro/devkitARM/lib/gcc/arm-none-eabi/4.9.2/../../../../arm-none-eabi/lib/armv6k/fpu/libg.a(lib_a-fini.o)
 .text          0x0010911c        0x0 /opt/devkitpro/devkitARM/lib/gcc/arm-none-eabi/4.9.2/../../../../arm-none-eabi/lib/armv6k/fpu/libg.a(lib_a-fopen.o)
 .text          0x0010911c        0x0 /opt/devkitpro/devkitARM/lib/gcc/arm-none-eabi/4.9.2/../../../../arm-none-eabi/lib/armv6k/fpu/libg.a(lib_a-fread.o)
 .text          0x0010911c        0x0 /opt/devkitpro/devkitARM/lib/gcc/arm-none-eabi/4.9.2/../../../../arm-none-eabi/lib/armv6k/fpu/libg.a(lib_a-freer.o)
 .text          0x0010911c        0x0 /opt/devkitpro/devkitARM/lib/gcc/arm-none-eabi/4.9.2/../../../../arm-none-eabi/lib/armv6k/fpu/libg.a(lib_a-fseek.o)
 .text          0x0010911c        0x0 /opt/devkitpro/devkitARM/lib/gcc/arm-none-eabi/4.9.2/../../../../arm-none-eabi/lib/armv6k/fpu/libg.a(lib_a-fseeko.o)
 .text          0x0010911c        0x0 /opt/devkitpro/devkitARM/lib/gcc/arm-none-eabi/4.9.2/../../../../arm-none-eabi/lib/armv6k/fpu/libg.a(lib_a-fwalk.o)
 .text          0x0010911c        0x0 /opt/devkitpro/devkitARM/lib/gcc/arm-none-eabi/4.9.2/../../../../arm-none-eabi/lib/armv6k/fpu/libg.a(lib_a-impure.o)
 .text          0x0010911c        0x0 /opt/devkitpro/devkitARM/lib/gcc/arm-none-eabi/4.9.2/../../../../arm-none-eabi/lib/armv6k/fpu/libg.a(lib_a-init.o)
 .text          0x0010911c        0x0 /opt/devkitpro/devkitARM/lib/gcc/arm-none-eabi/4.9.2/../../../../arm-none-eabi/lib/armv6k/fpu/libg.a(lib_a-makebuf.o)
 .text          0x0010911c        0x0 /opt/devkitpro/devkitARM/lib/gcc/arm-none-eabi/4.9.2/../../../../arm-none-eabi/lib/armv6k/fpu/libg.a(lib_a-malloc.o)
 .text          0x0010911c        0x0 /opt/devkitpro/devkitARM/lib/gcc/arm-none-eabi/4.9.2/../../../../arm-none-eabi/lib/armv6k/fpu/libg.a(lib_a-mallocr.o)
 .text          0x0010911c        0x0 /opt/devkitpro/devkitARM/lib/gcc/arm-none-eabi/4.9.2/../../../../arm-none-eabi/lib/armv6k/fpu/libg.a(lib_a-memcmp.o)
 .text          0x0010911c        0x0 /opt/devkitpro/devkitARM/lib/gcc/arm-none-eabi/4.9.2/../../../../arm-none-eabi/lib/armv6k/fpu/libg.a(lib_a-memcpy.o)
 .text          0x0010911c        0x0 /opt/devkitpro/devkitARM/lib/gcc/arm-none-eabi/4.9.2/../../../../arm-none-eabi/lib/armv6k/fpu/libg.a(lib_a-memset.o)
 .text          0x0010911c        0x0 /opt/devkitpro/devkitARM/lib/gcc/arm-none-eabi/4.9.2/../../../../arm-none-eabi/lib/armv6k/fpu/libg.a(lib_a-mlock.o)
 .text          0x0010911c        0x0 /opt/devkitpro/devkitARM/lib/gcc/arm-none-eabi/4.9.2/../../../../arm-none-eabi/lib/armv6k/fpu/libg.a(lib_a-refill.o)
 .text          0x0010911c        0x0 /opt/devkitpro/devkitARM/lib/gcc/arm-none-eabi/4.9.2/../../../../arm-none-eabi/lib/armv6k/fpu/libg.a(lib_a-snprintf.o)
 .text          0x0010911c        0x0 /opt/devkitpro/devkitARM/lib/gcc/arm-none-eabi/4.9.2/../../../../arm-none-eabi/lib/armv6k/fpu/libg.a(lib_a-stdio.o)
 .text          0x0010911c        0x0 /opt/devkitpro/devkitARM/lib/gcc/arm-none-eabi/4.9.2/../../../../arm-none-eabi/lib/armv6k/fpu/libg.a(lib_a-strchr.o)
 .text          0x0010911c        0x0 /opt/devkitpro/devkitARM/lib/gcc/arm-none-eabi/4.9.2/../../../../arm-none-eabi/lib/armv6k/fpu/libg.a(lib_a-strcpy.o)
 .text          0x0010911c        0x0 /opt/devkitpro/devkitARM/lib/gcc/arm-none-eabi/4.9.2/../../../../arm-none-eabi/lib/armv6k/fpu/libg.a(lib_a-strlen.o)
 .text          0x0010911c        0x0 /opt/devkitpro/devkitARM/lib/gcc/arm-none-eabi/4.9.2/../../../../arm-none-eabi/lib/armv6k/fpu/libg.a(lib_a-strncat.o)
 .text          0x0010911c        0x0 /opt/devkitpro/devkitARM/lib/gcc/arm-none-eabi/4.9.2/../../../../arm-none-eabi/lib/armv6k/fpu/libg.a(lib_a-strncmp.o)
 .text          0x0010911c        0x0 /opt/devkitpro/devkitARM/lib/gcc/arm-none-eabi/4.9.2/../../../../arm-none-eabi/lib/armv6k/fpu/libg.a(lib_a-strncpy.o)
 .text          0x0010911c        0x0 /opt/devkitpro/devkitARM/lib/gcc/arm-none-eabi/4.9.2/../../../../arm-none-eabi/lib/armv6k/fpu/libg.a(lib_a-svfprintf.o)
 .text          0x0010911c        0x0 /opt/devkitpro/devkitARM/lib/gcc/arm-none-eabi/4.9.2/../../../../arm-none-eabi/lib/armv6k/fpu/libg.a(lib_a-wcrtomb.o)
 .text          0x0010911c        0x0 /opt/devkitpro/devkitARM/lib/gcc/arm-none-eabi/4.9.2/../../../../arm-none-eabi/lib/armv6k/fpu/libg.a(lib_a-wcsrtombs.o)
 .text          0x0010911c        0x0 /opt/devkitpro/devkitARM/lib/gcc/arm-none-eabi/4.9.2/../../../../arm-none-eabi/lib/armv6k/fpu/libg.a(lib_a-wctomb_r.o)
 .text          0x0010911c        0x0 /opt/devkitpro/devkitARM/lib/gcc/arm-none-eabi/4.9.2/../../../../arm-none-eabi/lib/armv6k/fpu/libg.a(lib_a-dtoa.o)
 .text          0x0010911c        0x0 /opt/devkitpro/devkitARM/lib/gcc/arm-none-eabi/4.9.2/../../../../arm-none-eabi/lib/armv6k/fpu/libg.a(lib_a-flags.o)
 .text          0x0010911c        0x0 /opt/devkitpro/devkitARM/lib/gcc/arm-none-eabi/4.9.2/../../../../arm-none-eabi/lib/armv6k/fpu/libg.a(lib_a-locale.o)
 .text          0x0010911c        0x0 /opt/devkitpro/devkitARM/lib/gcc/arm-none-eabi/4.9.2/../../../../arm-none-eabi/lib/armv6k/fpu/libg.a(lib_a-mbtowc_r.o)
 .text          0x0010911c        0x0 /opt/devkitpro/devkitARM/lib/gcc/arm-none-eabi/4.9.2/../../../../arm-none-eabi/lib/armv6k/fpu/libg.a(lib_a-memchr.o)
 .text          0x0010911c        0x0 /opt/devkitpro/devkitARM/lib/gcc/arm-none-eabi/4.9.2/../../../../arm-none-eabi/lib/armv6k/fpu/libg.a(lib_a-mprec.o)
 .text          0x0010911c        0x0 /opt/devkitpro/devkitARM/lib/gcc/arm-none-eabi/4.9.2/../../../../arm-none-eabi/lib/armv6k/fpu/libg.a(lib_a-s_fpclassify.o)
 .text          0x0010911c        0x0 /opt/devkitpro/devkitARM/lib/gcc/arm-none-eabi/4.9.2/../../../../arm-none-eabi/lib/armv6k/fpu/libg.a(lib_a-s_frexp.o)
 .text          0x0010911c        0x0 /opt/devkitpro/devkitARM/lib/gcc/arm-none-eabi/4.9.2/../../../../arm-none-eabi/lib/armv6k/fpu/libg.a(lib_a-strcasecmp.o)
 .text          0x0010911c        0x0 /opt/devkitpro/devkitARM/lib/gcc/arm-none-eabi/4.9.2/../../../../arm-none-eabi/lib/armv6k/fpu/libg.a(lib_a-strcat.o)
 *fill*         0x0010911c        0x4 
 .text          0x00109120      0x3a0 /opt/devkitpro/devkitARM/lib/gcc/arm-none-eabi/4.9.2/../../../../arm-none-eabi/lib/armv6k/fpu/libg.a(lib_a-strcmp.o)
                0x00109128                strcmp
 .text          0x001094c0        0x0 /opt/devkitpro/devkitARM/lib/gcc/arm-none-eabi/4.9.2/../../../../arm-none-eabi/lib/armv6k/fpu/libg.a(lib_a-strlcpy.o)
 .text          0x001094c0        0x0 /opt/devkitpro/devkitARM/lib/gcc/arm-none-eabi/4.9.2/../../../../arm-none-eabi/lib/armv6k/fpu/libg.a(lib_a-strncasecmp.o)
 .text          0x001094c0        0x0 /opt/devkitpro/devkitARM/lib/gcc/arm-none-eabi/4.9.2/../../../../arm-none-eabi/lib/armv6k/fpu/libg.a(lib_a-strtol.o)
 .text          0x001094c0        0x0 /opt/devkitpro/devkitARM/lib/gcc/arm-none-eabi/4.9.2/../../../../arm-none-eabi/lib/armv6k/fpu/libg.a(lib_a-svfiprintf.o)
 .text          0x001094c0        0x0 /opt/devkitpro/devkitARM/lib/gcc/arm-none-eabi/4.9.2/../../../../arm-none-eabi/lib/armv6k/fpu/libg.a(lib_a-wcsnrtombs.o)
 .text          0x001094c0        0x0 /opt/devkitpro/devkitARM/lib/gcc/arm-none-eabi/4.9.2/../../../../arm-none-eabi/lib/armv6k/fpu/libg.a(lib_a-callocr.o)
 .text          0x001094c0        0x0 /opt/devkitpro/devkitARM/lib/gcc/arm-none-eabi/4.9.2/../../../../arm-none-eabi/lib/armv6k/fpu/libg.a(lib_a-ctype_.o)
 .text          0x001094c0        0x0 /opt/devkitpro/devkitARM/lib/gcc/arm-none-eabi/4.9.2/../../../../arm-none-eabi/lib/armv6k/fpu/libg.a(lib_a-getenv_r.o)
 .text          0x001094c0        0x0 /opt/devkitpro/devkitARM/lib/gcc/arm-none-eabi/4.9.2/../../../../arm-none-eabi/lib/armv6k/fpu/libg.a(lib_a-memmove.o)
 .text          0x001094c0        0x0 /opt/devkitpro/devkitARM/lib/gcc/arm-none-eabi/4.9.2/../../../../arm-none-eabi/lib/armv6k/fpu/libg.a(lib_a-reallocr.o)
 .text          0x001094c0        0x0 /opt/devkitpro/devkitARM/lib/gcc/arm-none-eabi/4.9.2/../../../../arm-none-eabi/lib/armv6k/fpu/libg.a(lib_a-environ.o)
 .text          0x001094c0        0x0 /opt/devkitpro/devkitARM/lib/gcc/arm-none-eabi/4.9.2/../../../../arm-none-eabi/lib/armv6k/fpu/libg.a(lib_a-envlock.o)
 .text          0x001094c0      0x1a8 /opt/devkitpro/devkitARM/lib/gcc/arm-none-eabi/4.9.2/../../../../arm-none-eabi/lib/armv6k/fpu/libsysbase.a(iosupport.o)
                0x001094c0                setDefaultDevice
                0x001094d8                FindDevice
                0x00109584                RemoveDevice
                0x001095b0                AddDevice
                0x00109644                GetDeviceOpTab
 .text          0x00109668       0x7c /opt/devkitpro/devkitARM/lib/gcc/arm-none-eabi/4.9.2/../../../../arm-none-eabi/lib/armv6k/fpu/libsysbase.a(close.o)
                0x00109668                _close_r
 .text          0x001096e4       0x6c /opt/devkitpro/devkitARM/lib/gcc/arm-none-eabi/4.9.2/../../../../arm-none-eabi/lib/armv6k/fpu/libsysbase.a(fstat.o)
                0x001096e4                _fstat_r
 .text          0x00109750        0x8 /opt/devkitpro/devkitARM/lib/gcc/arm-none-eabi/4.9.2/../../../../arm-none-eabi/lib/armv6k/fpu/libsysbase.a(isatty.o)
                0x00109750                _isatty_r
 .text          0x00109758       0x74 /opt/devkitpro/devkitARM/lib/gcc/arm-none-eabi/4.9.2/../../../../arm-none-eabi/lib/armv6k/fpu/libsysbase.a(lseek.o)
                0x00109758                _lseek_r
 .text          0x001097cc       0xc8 /opt/devkitpro/devkitARM/lib/gcc/arm-none-eabi/4.9.2/../../../../arm-none-eabi/lib/armv6k/fpu/libsysbase.a(open.o)
                0x001097cc                _open_r
 .text          0x00109894       0x74 /opt/devkitpro/devkitARM/lib/gcc/arm-none-eabi/4.9.2/../../../../arm-none-eabi/lib/armv6k/fpu/libsysbase.a(read.o)
                0x00109894                _read_r
 .text          0x00109908       0x70 /opt/devkitpro/devkitARM/lib/gcc/arm-none-eabi/4.9.2/../../../../arm-none-eabi/lib/armv6k/fpu/libsysbase.a(sbrk.o)
                0x00109908                _sbrk_r
 .text          0x00109978       0x74 /opt/devkitpro/devkitARM/lib/gcc/arm-none-eabi/4.9.2/../../../../arm-none-eabi/lib/armv6k/fpu/libsysbase.a(write.o)
                0x00109978                _write_r
 .text          0x001099ec        0x0 /opt/devkitpro/devkitARM/lib/gcc/arm-none-eabi/4.9.2/../../../../arm-none-eabi/lib/armv6k/fpu/libsysbase.a(malloc_vars.o)
 .text          0x001099ec      0x3a4 /opt/devkitpro/devkitARM/lib/gcc/arm-none-eabi/4.9.2/../../../../arm-none-eabi/lib/armv6k/fpu/libsysbase.a(chdir.o)
                0x001099ec                _concatenate_path
                0x00109ba8                chdir
                0x00109cf0                getcwd
 .text          0x00109d90        0x8 /opt/devkitpro/devkitARM/lib/gcc/arm-none-eabi/4.9.2/../../../../arm-none-eabi/lib/armv6k/fpu/libsysbase.a(flock.o)
                0x00109d90                __flockfile
                0x00109d94                __funlockfile
 .text          0x00109d98      0x108 /opt/devkitpro/devkitARM/lib/gcc/arm-none-eabi/4.9.2/../../../../arm-none-eabi/lib/armv6k/fpu/libsysbase.a(syscall_support.o)
                0x00109d98                __libc_lock_init
                0x00109db0                __libc_lock_acquire
                0x00109dc8                __libc_lock_try_acquire
                0x00109dec                __libc_lock_release
                0x00109e04                __libc_lock_close
                0x00109e1c                __libc_lock_init_recursive
                0x00109e34                __libc_lock_acquire_recursive
                0x00109e4c                __libc_lock_try_acquire_recursive
                0x00109e70                __libc_lock_release_recursive
                0x00109e88                __libc_lock_close_recursive
 .text          0x00109ea0      0x254 /opt/devkitpro/devkitARM/lib/gcc/arm-none-eabi/4.9.2/../../../../arm-none-eabi/lib/armv6k/fpu/libsysbase.a(handle_manager.o)
                0x00109ea0                __free_handle
                0x00109ee4                __release_handle
                0x00109f10                __alloc_handle
                0x00109f78                __get_handle
                0x00109f94                dup
                0x0010a020                dup2
 .text          0x0010a0f4       0x28 /opt/devkitpro/devkitARM/lib/gcc/arm-none-eabi/4.9.2/../../../../arm-none-eabi/lib/armv6k/fpu/libsysbase.a(getreent.o)
                0x0010a0f4                __getreent
 .text          0x0010a11c       0x3c /opt/devkitpro/devkitARM/lib/gcc/arm-none-eabi/4.9.2/armv6k/fpu/libgcc.a(_aeabi_uldivmod.o)
                0x0010a11c                __aeabi_uldivmod
 .text          0x0010a158       0x78 /opt/devkitpro/devkitARM/lib/gcc/arm-none-eabi/4.9.2/armv6k/fpu/libgcc.a(bpabi.o)
                0x0010a158                __gnu_ldivmod_helper
                0x0010a194                __gnu_uldivmod_helper
 .text          0x0010a1d0      0x180 /opt/devkitpro/devkitARM/lib/gcc/arm-none-eabi/4.9.2/armv6k/fpu/libgcc.a(_divdi3.o)
                0x0010a1d0                __divdi3
 .text          0x0010a350      0x124 /opt/devkitpro/devkitARM/lib/gcc/arm-none-eabi/4.9.2/armv6k/fpu/libgcc.a(_udivdi3.o)
                0x0010a350                __udivdi3
 .text          0x0010a474        0x0 /opt/devkitpro/devkitARM/lib/gcc/arm-none-eabi/4.9.2/../../../../arm-none-eabi/lib/armv6k/fpu/libg.a(lib_a-strnlen.o)
 .text          0x0010a474        0x0 /opt/devkitpro/devkitARM/lib/gcc/arm-none-eabi/4.9.2/../../../../arm-none-eabi/lib/armv6k/fpu/libg.a(lib_a-strrchr.o)
 .text          0x0010a474        0x0 /opt/devkitpro/devkitARM/lib/gcc/arm-none-eabi/4.9.2/armv6k/fpu/crtend.o
 .text          0x0010a474        0x0 /opt/devkitpro/devkitARM/lib/gcc/arm-none-eabi/4.9.2/armv6k/fpu/crtn.o
 *(.text.*)
 *fill*         0x0010a474        0x4 
 .text.startup  0x0010a478      0x2c0 main.o
                0x0010a478                main
 .text.sin      0x0010a738       0xb8 /opt/devkitpro/devkitARM/lib/gcc/arm-none-eabi/4.9.2/../../../../arm-none-eabi/lib/armv6k/fpu/libm.a(lib_a-s_sin.o)
                0x0010a738                sin
 .text.__ieee754_rem_pio2
                0x0010a7f0      0x308 /opt/devkitpro/devkitARM/lib/gcc/arm-none-eabi/4.9.2/../../../../arm-none-eabi/lib/armv6k/fpu/libm.a(lib_a-e_rem_pio2.o)
                0x0010a7f0                __ieee754_rem_pio2
 .text.__kernel_cos
                0x0010aaf8      0x158 /opt/devkitpro/devkitARM/lib/gcc/arm-none-eabi/4.9.2/../../../../arm-none-eabi/lib/armv6k/fpu/libm.a(lib_a-k_cos.o)
                0x0010aaf8                __kernel_cos
 .text.__kernel_rem_pio2
                0x0010ac50      0x898 /opt/devkitpro/devkitARM/lib/gcc/arm-none-eabi/4.9.2/../../../../arm-none-eabi/lib/armv6k/fpu/libm.a(lib_a-k_rem_pio2.o)
                0x0010ac50                __kernel_rem_pio2
 .text.__kernel_sin
                0x0010b4e8       0xc0 /opt/devkitpro/devkitARM/lib/gcc/arm-none-eabi/4.9.2/../../../../arm-none-eabi/lib/armv6k/fpu/libm.a(lib_a-k_sin.o)
                0x0010b4e8                __kernel_sin
 .text.fabs     0x0010b5a8       0x10 /opt/devkitpro/devkitARM/lib/gcc/arm-none-eabi/4.9.2/../../../../arm-none-eabi/lib/armv6k/fpu/libm.a(lib_a-s_fabs.o)
                0x0010b5a8                fabs
 .text.floor    0x0010b5b8      0x180 /opt/devkitpro/devkitARM/lib/gcc/arm-none-eabi/4.9.2/../../../../arm-none-eabi/lib/armv6k/fpu/libm.a(lib_a-s_floor.o)
                0x0010b5b8                floor
 .text.scalbn   0x0010b738      0x198 /opt/devkitpro/devkitARM/lib/gcc/arm-none-eabi/4.9.2/../../../../arm-none-eabi/lib/armv6k/fpu/libm.a(lib_a-s_scalbn.o)
                0x0010b738                scalbn
 .text.copysign
                0x0010b8d0       0x1c /opt/devkitpro/devkitARM/lib/gcc/arm-none-eabi/4.9.2/../../../../arm-none-eabi/lib/armv6k/fpu/libm.a(lib_a-s_copysign.o)
                0x0010b8d0                copysign
 .text.bsearch  0x0010b8ec       0x78 /opt/devkitpro/devkitARM/lib/gcc/arm-none-eabi/4.9.2/../../../../arm-none-eabi/lib/armv6k/fpu/libg.a(lib_a-bsearch.o)
                0x0010b8ec                bsearch
 .text.__errno  0x0010b964        0xc /opt/devkitpro/devkitARM/lib/gcc/arm-none-eabi/4.9.2/../../../../arm-none-eabi/lib/armv6k/fpu/libg.a(lib_a-errno.o)
                0x0010b964                __errno
 .text._fclose_r
                0x0010b970      0x118 /opt/devkitpro/devkitARM/lib/gcc/arm-none-eabi/4.9.2/../../../../arm-none-eabi/lib/armv6k/fpu/libg.a(lib_a-fclose.o)
                0x0010b970                _fclose_r
 .text.fclose   0x0010ba88       0x18 /opt/devkitpro/devkitARM/lib/gcc/arm-none-eabi/4.9.2/../../../../arm-none-eabi/lib/armv6k/fpu/libg.a(lib_a-fclose.o)
                0x0010ba88                fclose
 .text.__sflush_r
                0x0010baa0      0x238 /opt/devkitpro/devkitARM/lib/gcc/arm-none-eabi/4.9.2/../../../../arm-none-eabi/lib/armv6k/fpu/libg.a(lib_a-fflush.o)
                0x0010baa0                __sflush_r
 .text._fflush_r
                0x0010bcd8       0x98 /opt/devkitpro/devkitARM/lib/gcc/arm-none-eabi/4.9.2/../../../../arm-none-eabi/lib/armv6k/fpu/libg.a(lib_a-fflush.o)
                0x0010bcd8                _fflush_r
 .text.fflush   0x0010bd70       0x38 /opt/devkitpro/devkitARM/lib/gcc/arm-none-eabi/4.9.2/../../../../arm-none-eabi/lib/armv6k/fpu/libg.a(lib_a-fflush.o)
                0x0010bd70                fflush
 .text._cleanup_r
                0x0010bda8        0xc /opt/devkitpro/devkitARM/lib/gcc/arm-none-eabi/4.9.2/../../../../arm-none-eabi/lib/armv6k/fpu/libg.a(lib_a-findfp.o)
                0x0010bda8                _cleanup_r
 .text.__fp_lock
                0x0010bdb4       0x1c /opt/devkitpro/devkitARM/lib/gcc/arm-none-eabi/4.9.2/../../../../arm-none-eabi/lib/armv6k/fpu/libg.a(lib_a-findfp.o)
 .text.__fp_unlock
                0x0010bdd0       0x1c /opt/devkitpro/devkitARM/lib/gcc/arm-none-eabi/4.9.2/../../../../arm-none-eabi/lib/armv6k/fpu/libg.a(lib_a-findfp.o)
 .text.__sinit.part.1
                0x0010bdec      0x15c /opt/devkitpro/devkitARM/lib/gcc/arm-none-eabi/4.9.2/../../../../arm-none-eabi/lib/armv6k/fpu/libg.a(lib_a-findfp.o)
 .text.__sfmoreglue
                0x0010bf48       0x48 /opt/devkitpro/devkitARM/lib/gcc/arm-none-eabi/4.9.2/../../../../arm-none-eabi/lib/armv6k/fpu/libg.a(lib_a-findfp.o)
                0x0010bf48                __sfmoreglue
 .text.__sfp    0x0010bf90       0xe8 /opt/devkitpro/devkitARM/lib/gcc/arm-none-eabi/4.9.2/../../../../arm-none-eabi/lib/armv6k/fpu/libg.a(lib_a-findfp.o)
                0x0010bf90                __sfp
 .text._cleanup
                0x0010c078       0x18 /opt/devkitpro/devkitARM/lib/gcc/arm-none-eabi/4.9.2/../../../../arm-none-eabi/lib/armv6k/fpu/libg.a(lib_a-findfp.o)
                0x0010c078                _cleanup
 .text.__sinit  0x0010c090       0x10 /opt/devkitpro/devkitARM/lib/gcc/arm-none-eabi/4.9.2/../../../../arm-none-eabi/lib/armv6k/fpu/libg.a(lib_a-findfp.o)
                0x0010c090                __sinit
 .text.__sfp_lock_acquire
                0x0010c0a0        0x4 /opt/devkitpro/devkitARM/lib/gcc/arm-none-eabi/4.9.2/../../../../arm-none-eabi/lib/armv6k/fpu/libg.a(lib_a-findfp.o)
                0x0010c0a0                __sfp_lock_acquire
 .text.__sfp_lock_release
                0x0010c0a4        0x4 /opt/devkitpro/devkitARM/lib/gcc/arm-none-eabi/4.9.2/../../../../arm-none-eabi/lib/armv6k/fpu/libg.a(lib_a-findfp.o)
                0x0010c0a4                __sfp_lock_release
 .text.__sinit_lock_acquire
                0x0010c0a8        0x4 /opt/devkitpro/devkitARM/lib/gcc/arm-none-eabi/4.9.2/../../../../arm-none-eabi/lib/armv6k/fpu/libg.a(lib_a-findfp.o)
                0x0010c0a8                __sinit_lock_acquire
 .text.__sinit_lock_release
                0x0010c0ac        0x4 /opt/devkitpro/devkitARM/lib/gcc/arm-none-eabi/4.9.2/../../../../arm-none-eabi/lib/armv6k/fpu/libg.a(lib_a-findfp.o)
                0x0010c0ac                __sinit_lock_release
 .text.__fp_lock_all
                0x0010c0b0       0x18 /opt/devkitpro/devkitARM/lib/gcc/arm-none-eabi/4.9.2/../../../../arm-none-eabi/lib/armv6k/fpu/libg.a(lib_a-findfp.o)
                0x0010c0b0                __fp_lock_all
 .text.__fp_unlock_all
                0x0010c0c8       0x18 /opt/devkitpro/devkitARM/lib/gcc/arm-none-eabi/4.9.2/../../../../arm-none-eabi/lib/armv6k/fpu/libg.a(lib_a-findfp.o)
                0x0010c0c8                __fp_unlock_all
 .text.__libc_fini_array
                0x0010c0e0       0x40 /opt/devkitpro/devkitARM/lib/gcc/arm-none-eabi/4.9.2/../../../../arm-none-eabi/lib/armv6k/fpu/libg.a(lib_a-fini.o)
                0x0010c0e0                __libc_fini_array
 .text._fopen_r
                0x0010c120      0x130 /opt/devkitpro/devkitARM/lib/gcc/arm-none-eabi/4.9.2/../../../../arm-none-eabi/lib/armv6k/fpu/libg.a(lib_a-fopen.o)
                0x0010c120                _fopen_r
 .text.fopen    0x0010c250       0x20 /opt/devkitpro/devkitARM/lib/gcc/arm-none-eabi/4.9.2/../../../../arm-none-eabi/lib/armv6k/fpu/libg.a(lib_a-fopen.o)
                0x0010c250                fopen
 .text._fread_r
                0x0010c270      0x2f0 /opt/devkitpro/devkitARM/lib/gcc/arm-none-eabi/4.9.2/../../../../arm-none-eabi/lib/armv6k/fpu/libg.a(lib_a-fread.o)
                0x0010c270                _fread_r
 .text.fread    0x0010c560       0x38 /opt/devkitpro/devkitARM/lib/gcc/arm-none-eabi/4.9.2/../../../../arm-none-eabi/lib/armv6k/fpu/libg.a(lib_a-fread.o)
                0x0010c560                fread
 .text._malloc_trim_r
                0x0010c598       0xf8 /opt/devkitpro/devkitARM/lib/gcc/arm-none-eabi/4.9.2/../../../../arm-none-eabi/lib/armv6k/fpu/libg.a(lib_a-freer.o)
                0x0010c598                _malloc_trim_r
 .text._free_r  0x0010c690      0x2b4 /opt/devkitpro/devkitARM/lib/gcc/arm-none-eabi/4.9.2/../../../../arm-none-eabi/lib/armv6k/fpu/libg.a(lib_a-freer.o)
                0x0010c690                _free_r
 .text._fseek_r
                0x0010c944        0x4 /opt/devkitpro/devkitARM/lib/gcc/arm-none-eabi/4.9.2/../../../../arm-none-eabi/lib/armv6k/fpu/libg.a(lib_a-fseek.o)
                0x0010c944                _fseek_r
 .text.fseek    0x0010c948       0x28 /opt/devkitpro/devkitARM/lib/gcc/arm-none-eabi/4.9.2/../../../../arm-none-eabi/lib/armv6k/fpu/libg.a(lib_a-fseek.o)
                0x0010c948                fseek
 .text._fseeko_r
                0x0010c970      0x4f8 /opt/devkitpro/devkitARM/lib/gcc/arm-none-eabi/4.9.2/../../../../arm-none-eabi/lib/armv6k/fpu/libg.a(lib_a-fseeko.o)
                0x0010c970                _fseeko_r
 .text.fseeko   0x0010ce68       0x28 /opt/devkitpro/devkitARM/lib/gcc/arm-none-eabi/4.9.2/../../../../arm-none-eabi/lib/armv6k/fpu/libg.a(lib_a-fseeko.o)
                0x0010ce68                fseeko
 .text._fwalk   0x0010ce90       0x78 /opt/devkitpro/devkitARM/lib/gcc/arm-none-eabi/4.9.2/../../../../arm-none-eabi/lib/armv6k/fpu/libg.a(lib_a-fwalk.o)
                0x0010ce90                _fwalk
 .text._fwalk_reent
                0x0010cf08       0x80 /opt/devkitpro/devkitARM/lib/gcc/arm-none-eabi/4.9.2/../../../../arm-none-eabi/lib/armv6k/fpu/libg.a(lib_a-fwalk.o)
                0x0010cf08                _fwalk_reent
 .text.__libc_init_array
                0x0010cf88       0x78 /opt/devkitpro/devkitARM/lib/gcc/arm-none-eabi/4.9.2/../../../../arm-none-eabi/lib/armv6k/fpu/libg.a(lib_a-init.o)
                0x0010cf88                __libc_init_array
 .text.__smakebuf_r
                0x0010d000      0x160 /opt/devkitpro/devkitARM/lib/gcc/arm-none-eabi/4.9.2/../../../../arm-none-eabi/lib/armv6k/fpu/libg.a(lib_a-makebuf.o)
                0x0010d000                __smakebuf_r
 .text.malloc   0x0010d160       0x18 /opt/devkitpro/devkitARM/lib/gcc/arm-none-eabi/4.9.2/../../../../arm-none-eabi/lib/armv6k/fpu/libg.a(lib_a-malloc.o)
                0x0010d160                malloc
 .text.free     0x0010d178       0x18 /opt/devkitpro/devkitARM/lib/gcc/arm-none-eabi/4.9.2/../../../../arm-none-eabi/lib/armv6k/fpu/libg.a(lib_a-malloc.o)
                0x0010d178                free
 .text._malloc_r
                0x0010d190      0x740 /opt/devkitpro/devkitARM/lib/gcc/arm-none-eabi/4.9.2/../../../../arm-none-eabi/lib/armv6k/fpu/libg.a(lib_a-mallocr.o)
                0x0010d190                _malloc_r
 .text.memcmp   0x0010d8d0       0xa8 /opt/devkitpro/devkitARM/lib/gcc/arm-none-eabi/4.9.2/../../../../arm-none-eabi/lib/armv6k/fpu/libg.a(lib_a-memcmp.o)
                0x0010d8d0                memcmp
 .text.memcpy   0x0010d978       0xf4 /opt/devkitpro/devkitARM/lib/gcc/arm-none-eabi/4.9.2/../../../../arm-none-eabi/lib/armv6k/fpu/libg.a(lib_a-memcpy.o)
                0x0010d978                memcpy
 .text.memset   0x0010da6c       0xf0 /opt/devkitpro/devkitARM/lib/gcc/arm-none-eabi/4.9.2/../../../../arm-none-eabi/lib/armv6k/fpu/libg.a(lib_a-memset.o)
                0x0010da6c                memset
 .text.__malloc_lock
                0x0010db5c        0x4 /opt/devkitpro/devkitARM/lib/gcc/arm-none-eabi/4.9.2/../../../../arm-none-eabi/lib/armv6k/fpu/libg.a(lib_a-mlock.o)
                0x0010db5c                __malloc_lock
 .text.__malloc_unlock
                0x0010db60        0x4 /opt/devkitpro/devkitARM/lib/gcc/arm-none-eabi/4.9.2/../../../../arm-none-eabi/lib/armv6k/fpu/libg.a(lib_a-mlock.o)
                0x0010db60                __malloc_unlock
 .text.lflush   0x0010db64       0x1c /opt/devkitpro/devkitARM/lib/gcc/arm-none-eabi/4.9.2/../../../../arm-none-eabi/lib/armv6k/fpu/libg.a(lib_a-refill.o)
 .text.__srefill_r
                0x0010db80      0x1d8 /opt/devkitpro/devkitARM/lib/gcc/arm-none-eabi/4.9.2/../../../../arm-none-eabi/lib/armv6k/fpu/libg.a(lib_a-refill.o)
                0x0010db80                __srefill_r
 .text._snprintf_r
                0x0010dd58       0xd8 /opt/devkitpro/devkitARM/lib/gcc/arm-none-eabi/4.9.2/../../../../arm-none-eabi/lib/armv6k/fpu/libg.a(lib_a-snprintf.o)
                0x0010dd58                _snprintf_r
 .text.snprintf
                0x0010de30       0xe0 /opt/devkitpro/devkitARM/lib/gcc/arm-none-eabi/4.9.2/../../../../arm-none-eabi/lib/armv6k/fpu/libg.a(lib_a-snprintf.o)
                0x0010de30                snprintf
 .text.__sread  0x0010df10       0x30 /opt/devkitpro/devkitARM/lib/gcc/arm-none-eabi/4.9.2/../../../../arm-none-eabi/lib/armv6k/fpu/libg.a(lib_a-stdio.o)
                0x0010df10                __sread
 .text.__seofread
                0x0010df40        0x8 /opt/devkitpro/devkitARM/lib/gcc/arm-none-eabi/4.9.2/../../../../arm-none-eabi/lib/armv6k/fpu/libg.a(lib_a-stdio.o)
                0x0010df40                __seofread
 .text.__swrite
                0x0010df48       0x54 /opt/devkitpro/devkitARM/lib/gcc/arm-none-eabi/4.9.2/../../../../arm-none-eabi/lib/armv6k/fpu/libg.a(lib_a-stdio.o)
                0x0010df48                __swrite
 .text.__sseek  0x0010df9c       0x2c /opt/devkitpro/devkitARM/lib/gcc/arm-none-eabi/4.9.2/../../../../arm-none-eabi/lib/armv6k/fpu/libg.a(lib_a-stdio.o)
                0x0010df9c                __sseek
 .text.__sclose
                0x0010dfc8        0x8 /opt/devkitpro/devkitARM/lib/gcc/arm-none-eabi/4.9.2/../../../../arm-none-eabi/lib/armv6k/fpu/libg.a(lib_a-stdio.o)
                0x0010dfc8                __sclose
 .text.strchr   0x0010dfd0      0x16c /opt/devkitpro/devkitARM/lib/gcc/arm-none-eabi/4.9.2/../../../../arm-none-eabi/lib/armv6k/fpu/libg.a(lib_a-strchr.o)
                0x0010dfd0                strchr
 .text.strcpy   0x0010e13c       0xf0 /opt/devkitpro/devkitARM/lib/gcc/arm-none-eabi/4.9.2/../../../../arm-none-eabi/lib/armv6k/fpu/libg.a(lib_a-strcpy.o)
                0x0010e13c                strcpy
 .text.strlen   0x0010e22c       0x5c /opt/devkitpro/devkitARM/lib/gcc/arm-none-eabi/4.9.2/../../../../arm-none-eabi/lib/armv6k/fpu/libg.a(lib_a-strlen.o)
                0x0010e22c                strlen
 .text.strncat  0x0010e288       0xa4 /opt/devkitpro/devkitARM/lib/gcc/arm-none-eabi/4.9.2/../../../../arm-none-eabi/lib/armv6k/fpu/libg.a(lib_a-strncat.o)
                0x0010e288                strncat
 .text.strncmp  0x0010e32c      0x110 /opt/devkitpro/devkitARM/lib/gcc/arm-none-eabi/4.9.2/../../../../arm-none-eabi/lib/armv6k/fpu/libg.a(lib_a-strncmp.o)
                0x0010e32c                strncmp
 .text.strncpy  0x0010e43c       0xe0 /opt/devkitpro/devkitARM/lib/gcc/arm-none-eabi/4.9.2/../../../../arm-none-eabi/lib/armv6k/fpu/libg.a(lib_a-strncpy.o)
                0x0010e43c                strncpy
 .text.get_arg  0x0010e51c      0x860 /opt/devkitpro/devkitARM/lib/gcc/arm-none-eabi/4.9.2/../../../../arm-none-eabi/lib/armv6k/fpu/libg.a(lib_a-svfprintf.o)
 *fill*         0x0010ed7c        0x4 
 .text._svfprintf_r
                0x0010ed80     0x4320 /opt/devkitpro/devkitARM/lib/gcc/arm-none-eabi/4.9.2/../../../../arm-none-eabi/lib/armv6k/fpu/libg.a(lib_a-svfprintf.o)
                0x0010ed80                _svfprintf_r
 .text._wcrtomb_r
                0x001130a0       0x8c /opt/devkitpro/devkitARM/lib/gcc/arm-none-eabi/4.9.2/../../../../arm-none-eabi/lib/armv6k/fpu/libg.a(lib_a-wcrtomb.o)
                0x001130a0                _wcrtomb_r
 .text.wcrtomb  0x0011312c       0x94 /opt/devkitpro/devkitARM/lib/gcc/arm-none-eabi/4.9.2/../../../../arm-none-eabi/lib/armv6k/fpu/libg.a(lib_a-wcrtomb.o)
                0x0011312c                wcrtomb
 .text._wcsrtombs_r
                0x001131c0       0x20 /opt/devkitpro/devkitARM/lib/gcc/arm-none-eabi/4.9.2/../../../../arm-none-eabi/lib/armv6k/fpu/libg.a(lib_a-wcsrtombs.o)
                0x001131c0                _wcsrtombs_r
 .text.wcsrtombs
                0x001131e0       0x3c /opt/devkitpro/devkitARM/lib/gcc/arm-none-eabi/4.9.2/../../../../arm-none-eabi/lib/armv6k/fpu/libg.a(lib_a-wcsrtombs.o)
                0x001131e0                wcsrtombs
 .text.__utf8_wctomb
                0x0011321c      0x114 /opt/devkitpro/devkitARM/lib/gcc/arm-none-eabi/4.9.2/../../../../arm-none-eabi/lib/armv6k/fpu/libg.a(lib_a-wctomb_r.o)
                0x0011321c                __utf8_wctomb
 .text._wctomb_r
                0x00113330       0x48 /opt/devkitpro/devkitARM/lib/gcc/arm-none-eabi/4.9.2/../../../../arm-none-eabi/lib/armv6k/fpu/libg.a(lib_a-wctomb_r.o)
                0x00113330                _wctomb_r
 .text.__ascii_wctomb
                0x00113378       0x28 /opt/devkitpro/devkitARM/lib/gcc/arm-none-eabi/4.9.2/../../../../arm-none-eabi/lib/armv6k/fpu/libg.a(lib_a-wctomb_r.o)
                0x00113378                __ascii_wctomb
 .text.__sjis_wctomb
                0x001133a0       0x84 /opt/devkitpro/devkitARM/lib/gcc/arm-none-eabi/4.9.2/../../../../arm-none-eabi/lib/armv6k/fpu/libg.a(lib_a-wctomb_r.o)
                0x001133a0                __sjis_wctomb
 .text.__eucjp_wctomb
                0x00113424       0xc8 /opt/devkitpro/devkitARM/lib/gcc/arm-none-eabi/4.9.2/../../../../arm-none-eabi/lib/armv6k/fpu/libg.a(lib_a-wctomb_r.o)
                0x00113424                __eucjp_wctomb
 .text.__jis_wctomb
                0x001134ec       0xd4 /opt/devkitpro/devkitARM/lib/gcc/arm-none-eabi/4.9.2/../../../../arm-none-eabi/lib/armv6k/fpu/libg.a(lib_a-wctomb_r.o)
                0x001134ec                __jis_wctomb
 .text.quorem   0x001135c0      0x1c0 /opt/devkitpro/devkitARM/lib/gcc/arm-none-eabi/4.9.2/../../../../arm-none-eabi/lib/armv6k/fpu/libg.a(lib_a-dtoa.o)
 .text._dtoa_r  0x00113780     0x12e0 /opt/devkitpro/devkitARM/lib/gcc/arm-none-eabi/4.9.2/../../../../arm-none-eabi/lib/armv6k/fpu/libg.a(lib_a-dtoa.o)
                0x00113780                _dtoa_r
 .text.__sflags
                0x00114a60       0xb0 /opt/devkitpro/devkitARM/lib/gcc/arm-none-eabi/4.9.2/../../../../arm-none-eabi/lib/armv6k/fpu/libg.a(lib_a-flags.o)
                0x00114a60                __sflags
 .text.__get_locale_env
                0x00114b10       0x8c /opt/devkitpro/devkitARM/lib/gcc/arm-none-eabi/4.9.2/../../../../arm-none-eabi/lib/armv6k/fpu/libg.a(lib_a-locale.o)
 .text.loadlocale
                0x00114b9c      0x8a4 /opt/devkitpro/devkitARM/lib/gcc/arm-none-eabi/4.9.2/../../../../arm-none-eabi/lib/armv6k/fpu/libg.a(lib_a-locale.o)
 .text.currentlocale
                0x00115440       0x88 /opt/devkitpro/devkitARM/lib/gcc/arm-none-eabi/4.9.2/../../../../arm-none-eabi/lib/armv6k/fpu/libg.a(lib_a-locale.o)
 .text._setlocale_r
                0x001154c8      0x300 /opt/devkitpro/devkitARM/lib/gcc/arm-none-eabi/4.9.2/../../../../arm-none-eabi/lib/armv6k/fpu/libg.a(lib_a-locale.o)
                0x001154c8                _setlocale_r
 .text.__locale_charset
                0x001157c8        0xc /opt/devkitpro/devkitARM/lib/gcc/arm-none-eabi/4.9.2/../../../../arm-none-eabi/lib/armv6k/fpu/libg.a(lib_a-locale.o)
                0x001157c8                __locale_charset
 .text.__locale_mb_cur_max
                0x001157d4       0x10 /opt/devkitpro/devkitARM/lib/gcc/arm-none-eabi/4.9.2/../../../../arm-none-eabi/lib/armv6k/fpu/libg.a(lib_a-locale.o)
                0x001157d4                __locale_mb_cur_max
 .text.__locale_msgcharset
                0x001157e4        0xc /opt/devkitpro/devkitARM/lib/gcc/arm-none-eabi/4.9.2/../../../../arm-none-eabi/lib/armv6k/fpu/libg.a(lib_a-locale.o)
                0x001157e4                __locale_msgcharset
 .text.__locale_cjk_lang
                0x001157f0       0x10 /opt/devkitpro/devkitARM/lib/gcc/arm-none-eabi/4.9.2/../../../../arm-none-eabi/lib/armv6k/fpu/libg.a(lib_a-locale.o)
                0x001157f0                __locale_cjk_lang
 .text._localeconv_r
                0x00115800        0xc /opt/devkitpro/devkitARM/lib/gcc/arm-none-eabi/4.9.2/../../../../arm-none-eabi/lib/armv6k/fpu/libg.a(lib_a-locale.o)
                0x00115800                _localeconv_r
 .text.setlocale
                0x0011580c       0x20 /opt/devkitpro/devkitARM/lib/gcc/arm-none-eabi/4.9.2/../../../../arm-none-eabi/lib/armv6k/fpu/libg.a(lib_a-locale.o)
                0x0011580c                setlocale
 .text.localeconv
                0x0011582c       0x14 /opt/devkitpro/devkitARM/lib/gcc/arm-none-eabi/4.9.2/../../../../arm-none-eabi/lib/armv6k/fpu/libg.a(lib_a-locale.o)
                0x0011582c                localeconv
 .text.__utf8_mbtowc
                0x00115840      0x2fc /opt/devkitpro/devkitARM/lib/gcc/arm-none-eabi/4.9.2/../../../../arm-none-eabi/lib/armv6k/fpu/libg.a(lib_a-mbtowc_r.o)
                0x00115840                __utf8_mbtowc
 .text._mbtowc_r
                0x00115b3c       0x4c /opt/devkitpro/devkitARM/lib/gcc/arm-none-eabi/4.9.2/../../../../arm-none-eabi/lib/armv6k/fpu/libg.a(lib_a-mbtowc_r.o)
                0x00115b3c                _mbtowc_r
 .text.__ascii_mbtowc
                0x00115b88       0x4c /opt/devkitpro/devkitARM/lib/gcc/arm-none-eabi/4.9.2/../../../../arm-none-eabi/lib/armv6k/fpu/libg.a(lib_a-mbtowc_r.o)
                0x00115b88                __ascii_mbtowc
 .text.__sjis_mbtowc
                0x00115bd4       0xd4 /opt/devkitpro/devkitARM/lib/gcc/arm-none-eabi/4.9.2/../../../../arm-none-eabi/lib/armv6k/fpu/libg.a(lib_a-mbtowc_r.o)
                0x00115bd4                __sjis_mbtowc
 .text.__eucjp_mbtowc
                0x00115ca8      0x140 /opt/devkitpro/devkitARM/lib/gcc/arm-none-eabi/4.9.2/../../../../arm-none-eabi/lib/armv6k/fpu/libg.a(lib_a-mbtowc_r.o)
                0x00115ca8                __eucjp_mbtowc
 .text.__jis_mbtowc
                0x00115de8      0x1a8 /opt/devkitpro/devkitARM/lib/gcc/arm-none-eabi/4.9.2/../../../../arm-none-eabi/lib/armv6k/fpu/libg.a(lib_a-mbtowc_r.o)
                0x00115de8                __jis_mbtowc
 .text.memchr   0x00115f90      0x120 /opt/devkitpro/devkitARM/lib/gcc/arm-none-eabi/4.9.2/../../../../arm-none-eabi/lib/armv6k/fpu/libg.a(lib_a-memchr.o)
                0x00115f90                memchr
 .text._Balloc  0x001160b0       0x8c /opt/devkitpro/devkitARM/lib/gcc/arm-none-eabi/4.9.2/../../../../arm-none-eabi/lib/armv6k/fpu/libg.a(lib_a-mprec.o)
                0x001160b0                _Balloc
 .text._Bfree   0x0011613c       0x1c /opt/devkitpro/devkitARM/lib/gcc/arm-none-eabi/4.9.2/../../../../arm-none-eabi/lib/armv6k/fpu/libg.a(lib_a-mprec.o)
                0x0011613c                _Bfree
 .text.__multadd
                0x00116158       0xd0 /opt/devkitpro/devkitARM/lib/gcc/arm-none-eabi/4.9.2/../../../../arm-none-eabi/lib/armv6k/fpu/libg.a(lib_a-mprec.o)
                0x00116158                __multadd
 .text.__s2b    0x00116228       0xe4 /opt/devkitpro/devkitARM/lib/gcc/arm-none-eabi/4.9.2/../../../../arm-none-eabi/lib/armv6k/fpu/libg.a(lib_a-mprec.o)
                0x00116228                __s2b
 .text.__hi0bits
                0x0011630c       0x5c /opt/devkitpro/devkitARM/lib/gcc/arm-none-eabi/4.9.2/../../../../arm-none-eabi/lib/armv6k/fpu/libg.a(lib_a-mprec.o)
                0x0011630c                __hi0bits
 .text.__lo0bits
                0x00116368       0x98 /opt/devkitpro/devkitARM/lib/gcc/arm-none-eabi/4.9.2/../../../../arm-none-eabi/lib/armv6k/fpu/libg.a(lib_a-mprec.o)
                0x00116368                __lo0bits
 .text.__i2b    0x00116400       0x20 /opt/devkitpro/devkitARM/lib/gcc/arm-none-eabi/4.9.2/../../../../arm-none-eabi/lib/armv6k/fpu/libg.a(lib_a-mprec.o)
                0x00116400                __i2b
 .text.__multiply
                0x00116420      0x1dc /opt/devkitpro/devkitARM/lib/gcc/arm-none-eabi/4.9.2/../../../../arm-none-eabi/lib/armv6k/fpu/libg.a(lib_a-mprec.o)
                0x00116420                __multiply
 .text.__pow5mult
                0x001165fc      0x100 /opt/devkitpro/devkitARM/lib/gcc/arm-none-eabi/4.9.2/../../../../arm-none-eabi/lib/armv6k/fpu/libg.a(lib_a-mprec.o)
                0x001165fc                __pow5mult
 .text.__lshift
                0x001166fc       0xf4 /opt/devkitpro/devkitARM/lib/gcc/arm-none-eabi/4.9.2/../../../../arm-none-eabi/lib/armv6k/fpu/libg.a(lib_a-mprec.o)
                0x001166fc                __lshift
 .text.__mcmp   0x001167f0       0x64 /opt/devkitpro/devkitARM/lib/gcc/arm-none-eabi/4.9.2/../../../../arm-none-eabi/lib/armv6k/fpu/libg.a(lib_a-mprec.o)
                0x001167f0                __mcmp
 .text.__mdiff  0x00116854      0x13c /opt/devkitpro/devkitARM/lib/gcc/arm-none-eabi/4.9.2/../../../../arm-none-eabi/lib/armv6k/fpu/libg.a(lib_a-mprec.o)
                0x00116854                __mdiff
 .text.__ulp    0x00116990       0x74 /opt/devkitpro/devkitARM/lib/gcc/arm-none-eabi/4.9.2/../../../../arm-none-eabi/lib/armv6k/fpu/libg.a(lib_a-mprec.o)
                0x00116990                __ulp
 .text.__b2d    0x00116a04       0xe4 /opt/devkitpro/devkitARM/lib/gcc/arm-none-eabi/4.9.2/../../../../arm-none-eabi/lib/armv6k/fpu/libg.a(lib_a-mprec.o)
                0x00116a04                __b2d
 .text.__d2b    0x00116ae8      0x104 /opt/devkitpro/devkitARM/lib/gcc/arm-none-eabi/4.9.2/../../../../arm-none-eabi/lib/armv6k/fpu/libg.a(lib_a-mprec.o)
                0x00116ae8                __d2b
 .text.__ratio  0x00116bec       0x7c /opt/devkitpro/devkitARM/lib/gcc/arm-none-eabi/4.9.2/../../../../arm-none-eabi/lib/armv6k/fpu/libg.a(lib_a-mprec.o)
                0x00116bec                __ratio
 .text._mprec_log10
                0x00116c68       0x48 /opt/devkitpro/devkitARM/lib/gcc/arm-none-eabi/4.9.2/../../../../arm-none-eabi/lib/armv6k/fpu/libg.a(lib_a-mprec.o)
                0x00116c68                _mprec_log10
 .text.__copybits
                0x00116cb0       0x6c /opt/devkitpro/devkitARM/lib/gcc/arm-none-eabi/4.9.2/../../../../arm-none-eabi/lib/armv6k/fpu/libg.a(lib_a-mprec.o)
                0x00116cb0                __copybits
 .text.__any_on
                0x00116d1c       0x80 /opt/devkitpro/devkitARM/lib/gcc/arm-none-eabi/4.9.2/../../../../arm-none-eabi/lib/armv6k/fpu/libg.a(lib_a-mprec.o)
                0x00116d1c                __any_on
 .text.__fpclassifyd
                0x00116d9c       0x74 /opt/devkitpro/devkitARM/lib/gcc/arm-none-eabi/4.9.2/../../../../arm-none-eabi/lib/armv6k/fpu/libg.a(lib_a-s_fpclassify.o)
                0x00116d9c                __fpclassifyd
 .text.frexp    0x00116e10       0x98 /opt/devkitpro/devkitARM/lib/gcc/arm-none-eabi/4.9.2/../../../../arm-none-eabi/lib/armv6k/fpu/libg.a(lib_a-s_frexp.o)
                0x00116e10                frexp
 .text.strcasecmp
                0x00116ea8       0x68 /opt/devkitpro/devkitARM/lib/gcc/arm-none-eabi/4.9.2/../../../../arm-none-eabi/lib/armv6k/fpu/libg.a(lib_a-strcasecmp.o)
                0x00116ea8                strcasecmp
 .text.strcat   0x00116f10       0x80 /opt/devkitpro/devkitARM/lib/gcc/arm-none-eabi/4.9.2/../../../../arm-none-eabi/lib/armv6k/fpu/libg.a(lib_a-strcat.o)
                0x00116f10                strcat
 .text.strlcpy  0x00116f90       0x48 /opt/devkitpro/devkitARM/lib/gcc/arm-none-eabi/4.9.2/../../../../arm-none-eabi/lib/armv6k/fpu/libg.a(lib_a-strlcpy.o)
                0x00116f90                strlcpy
 .text.strncasecmp
                0x00116fd8       0x8c /opt/devkitpro/devkitARM/lib/gcc/arm-none-eabi/4.9.2/../../../../arm-none-eabi/lib/armv6k/fpu/libg.a(lib_a-strncasecmp.o)
                0x00116fd8                strncasecmp
 .text._strtol_r
                0x00117064      0x1dc /opt/devkitpro/devkitARM/lib/gcc/arm-none-eabi/4.9.2/../../../../arm-none-eabi/lib/armv6k/fpu/libg.a(lib_a-strtol.o)
                0x00117064                _strtol_r
 .text.strtol   0x00117240       0x28 /opt/devkitpro/devkitARM/lib/gcc/arm-none-eabi/4.9.2/../../../../arm-none-eabi/lib/armv6k/fpu/libg.a(lib_a-strtol.o)
                0x00117240                strtol
 .text.get_arg  0x00117268      0x860 /opt/devkitpro/devkitARM/lib/gcc/arm-none-eabi/4.9.2/../../../../arm-none-eabi/lib/armv6k/fpu/libg.a(lib_a-svfiprintf.o)
 .text.__ssprint_r
                0x00117ac8      0x1a8 /opt/devkitpro/devkitARM/lib/gcc/arm-none-eabi/4.9.2/../../../../arm-none-eabi/lib/armv6k/fpu/libg.a(lib_a-svfiprintf.o)
                0x00117ac8                __ssprint_r
 .text._svfiprintf_r
                0x00117c70     0x2fdc /opt/devkitpro/devkitARM/lib/gcc/arm-none-eabi/4.9.2/../../../../arm-none-eabi/lib/armv6k/fpu/libg.a(lib_a-svfiprintf.o)
                0x00117c70                _svfiprintf_r
 .text._wcsnrtombs_r
                0x0011ac4c      0x184 /opt/devkitpro/devkitARM/lib/gcc/arm-none-eabi/4.9.2/../../../../arm-none-eabi/lib/armv6k/fpu/libg.a(lib_a-wcsnrtombs.o)
                0x0011ac4c                _wcsnrtombs_r
 .text.wcsnrtombs
                0x0011add0       0x40 /opt/devkitpro/devkitARM/lib/gcc/arm-none-eabi/4.9.2/../../../../arm-none-eabi/lib/armv6k/fpu/libg.a(lib_a-wcsnrtombs.o)
                0x0011add0                wcsnrtombs
 .text._calloc_r
                0x0011ae10       0x94 /opt/devkitpro/devkitARM/lib/gcc/arm-none-eabi/4.9.2/../../../../arm-none-eabi/lib/armv6k/fpu/libg.a(lib_a-callocr.o)
                0x0011ae10                _calloc_r
 .text.__set_ctype
                0x0011aea4       0x18 /opt/devkitpro/devkitARM/lib/gcc/arm-none-eabi/4.9.2/../../../../arm-none-eabi/lib/armv6k/fpu/libg.a(lib_a-ctype_.o)
                0x0011aea4                __set_ctype
 .text._findenv_r
                0x0011aebc       0xc8 /opt/devkitpro/devkitARM/lib/gcc/arm-none-eabi/4.9.2/../../../../arm-none-eabi/lib/armv6k/fpu/libg.a(lib_a-getenv_r.o)
                0x0011aebc                _findenv_r
 .text._getenv_r
                0x0011af84       0x18 /opt/devkitpro/devkitARM/lib/gcc/arm-none-eabi/4.9.2/../../../../arm-none-eabi/lib/armv6k/fpu/libg.a(lib_a-getenv_r.o)
                0x0011af84                _getenv_r
 .text.memmove  0x0011af9c      0x12c /opt/devkitpro/devkitARM/lib/gcc/arm-none-eabi/4.9.2/../../../../arm-none-eabi/lib/armv6k/fpu/libg.a(lib_a-memmove.o)
                0x0011af9c                memmove
 .text._realloc_r
                0x0011b0c8      0x564 /opt/devkitpro/devkitARM/lib/gcc/arm-none-eabi/4.9.2/../../../../arm-none-eabi/lib/armv6k/fpu/libg.a(lib_a-reallocr.o)
                0x0011b0c8                _realloc_r
 .text.__env_lock
                0x0011b62c        0x4 /opt/devkitpro/devkitARM/lib/gcc/arm-none-eabi/4.9.2/../../../../arm-none-eabi/lib/armv6k/fpu/libg.a(lib_a-envlock.o)
                0x0011b62c                __env_lock
 .text.__env_unlock
                0x0011b630        0x4 /opt/devkitpro/devkitARM/lib/gcc/arm-none-eabi/4.9.2/../../../../arm-none-eabi/lib/armv6k/fpu/libg.a(lib_a-envlock.o)
                0x0011b630                __env_unlock
 .text.strnlen  0x0011b634       0x5c /opt/devkitpro/devkitARM/lib/gcc/arm-none-eabi/4.9.2/../../../../arm-none-eabi/lib/armv6k/fpu/libg.a(lib_a-strnlen.o)
                0x0011b634                strnlen
 .text.strrchr  0x0011b690       0x44 /opt/devkitpro/devkitARM/lib/gcc/arm-none-eabi/4.9.2/../../../../arm-none-eabi/lib/armv6k/fpu/libg.a(lib_a-strrchr.o)
                0x0011b690                strrchr
 *(.glue_7)
 .glue_7        0x0011b6d4        0x0 linker stubs
 *(.glue_7t)
 .glue_7t       0x0011b6d4        0x0 linker stubs
 *(.stub)
 *(.gnu.warning)
 *(.gnu.linkonce.t*)
                0x0011b6d4                . = ALIGN (0x4)
 *(.fini)
 .fini          0x0011b6d4        0xc /opt/devkitpro/devkitARM/lib/gcc/arm-none-eabi/4.9.2/armv6k/fpu/crti.o
                0x0011b6d4                _fini
 .fini          0x0011b6e0        0xc /opt/devkitpro/devkitARM/lib/gcc/arm-none-eabi/4.9.2/armv6k/fpu/crtn.o
                0x0011b6ec                . = ALIGN (0x4)

.vfp11_veneer   0x0011b6ec        0x0
 .vfp11_veneer  0x0011b6ec        0x0 linker stubs

.v4_bx          0x0011b6ec        0x0
 .v4_bx         0x0011b6ec        0x0 linker stubs

.iplt           0x0011b6ec        0x0
 .iplt          0x0011b6ec        0x0 /opt/devkitpro/devkitARM/lib/gcc/arm-none-eabi/4.9.2/../../../../arm-none-eabi/lib/armv6k/fpu/3dsx_crt0.o

.rodata         0x0011c000      0xb5c
 *(.rodata)
 .rodata        0x0011c000       0x14 /opt/devkitpro/libctru/lib/libctru.a(gfx.o)
 .rodata        0x0011c014        0xc /opt/devkitpro/libctru/lib/libctru.a(apt.o)
 .rodata        0x0011c020       0x64 /opt/devkitpro/libctru/lib/libctru.a(os.o)
 .rodata        0x0011c084       0x30 /opt/devkitpro/libctru/lib/libctru.a(romfs_dev.o)
 .rodata        0x0011c0b4       0x30 /opt/devkitpro/libctru/lib/libctru.a(sdmc_dev.o)
 .rodata        0x0011c0e4       0x68 /opt/devkitpro/devkitARM/lib/gcc/arm-none-eabi/4.9.2/../../../../arm-none-eabi/lib/armv6k/fpu/libsysbase.a(iosupport.o)
                0x0011c0e4                dotab_stdnull
 .rodata        0x0011c14c        0xc /opt/devkitpro/devkitARM/lib/gcc/arm-none-eabi/4.9.2/../../../../arm-none-eabi/lib/armv6k/fpu/libsysbase.a(chdir.o)
                0x0011c14c                DIRECTORY_PARENT
                0x0011c150                DIRECTORY_THIS
                0x0011c154                DIRECTORY_SEPARATOR
 *(.roda)
 *(.rodata.*)
 .rodata.str1.4
                0x0011c158       0x16 /opt/devkitpro/libctru/lib/libctru.a(apt.o)
                                 0x18 (size before relaxing)
 *fill*         0x0011c16e        0x2 
 .rodata.str1.4
                0x0011c170       0x15 /opt/devkitpro/libctru/lib/libctru.a(gsp.o)
                                 0x18 (size before relaxing)
 *fill*         0x0011c185        0x3 
 .rodata.str1.4
                0x0011c188       0x15 /opt/devkitpro/libctru/lib/libctru.a(hid.o)
                                 0x18 (size before relaxing)
 *fill*         0x0011c19d        0x3 
 .rodata.str1.4
                0x0011c1a0        0x7 /opt/devkitpro/libctru/lib/libctru.a(irrst.o)
                                  0x8 (size before relaxing)
 *fill*         0x0011c1a7        0x1 
 .rodata.str1.4
                0x0011c1a8       0xec /opt/devkitpro/libctru/lib/libctru.a(os.o)
 .rodata.str1.4
                0x0011c294       0x2a /opt/devkitpro/libctru/lib/libctru.a(romfs_dev.o)
                                 0x30 (size before relaxing)
 *fill*         0x0011c2be        0x2 
 .rodata.str1.4
                0x0011c2c0        0xf /opt/devkitpro/libctru/lib/libctru.a(srv.o)
                                 0x10 (size before relaxing)
 *fill*         0x0011c2cf        0x1 
 .rodata.str1.4
                0x0011c2d0       0x16 /opt/devkitpro/libctru/lib/libctru.a(cfgu.o)
                                 0x18 (size before relaxing)
 *fill*         0x0011c2e6        0x2 
 .rodata.str1.4
                0x0011c2e8        0x8 /opt/devkitpro/libctru/lib/libctru.a(fs.o)
 .rodata.str1.4
                0x0011c2f0       0x11 /opt/devkitpro/libctru/lib/libctru.a(ptm.o)
                                 0x14 (size before relaxing)
 *fill*         0x0011c301        0x3 
 .rodata.str1.4
                0x0011c304        0x5 /opt/devkitpro/libctru/lib/libctru.a(sdmc_dev.o)
                                  0xc (size before relaxing)
 *fill*         0x0011c309        0x3 
 .rodata.npio2_hw
                0x0011c30c       0x80 /opt/devkitpro/devkitARM/lib/gcc/arm-none-eabi/4.9.2/../../../../arm-none-eabi/lib/armv6k/fpu/libm.a(lib_a-e_rem_pio2.o)
 .rodata.two_over_pi
                0x0011c38c      0x108 /opt/devkitpro/devkitARM/lib/gcc/arm-none-eabi/4.9.2/../../../../arm-none-eabi/lib/armv6k/fpu/libm.a(lib_a-e_rem_pio2.o)
 .rodata.init_jk
                0x0011c494       0x10 /opt/devkitpro/devkitARM/lib/gcc/arm-none-eabi/4.9.2/../../../../arm-none-eabi/lib/armv6k/fpu/libm.a(lib_a-k_rem_pio2.o)
 *fill*         0x0011c4a4        0x4 
 .rodata.PIo2   0x0011c4a8       0x40 /opt/devkitpro/devkitARM/lib/gcc/arm-none-eabi/4.9.2/../../../../arm-none-eabi/lib/armv6k/fpu/libm.a(lib_a-k_rem_pio2.o)
 .rodata.str1.4
                0x0011c4e8        0x2 /opt/devkitpro/devkitARM/lib/gcc/arm-none-eabi/4.9.2/../../../../arm-none-eabi/lib/armv6k/fpu/libg.a(lib_a-impure.o)
                                  0x4 (size before relaxing)
 *fill*         0x0011c4ea        0x2 
 .rodata._global_impure_ptr
                0x0011c4ec        0x4 /opt/devkitpro/devkitARM/lib/gcc/arm-none-eabi/4.9.2/../../../../arm-none-eabi/lib/armv6k/fpu/libg.a(lib_a-impure.o)
                0x0011c4ec                _global_impure_ptr
 .rodata.zeroes.7037
                0x0011c4f0       0x10 /opt/devkitpro/devkitARM/lib/gcc/arm-none-eabi/4.9.2/../../../../arm-none-eabi/lib/armv6k/fpu/libg.a(lib_a-svfprintf.o)
 .rodata.str1.4
                0x0011c500       0x42 /opt/devkitpro/devkitARM/lib/gcc/arm-none-eabi/4.9.2/../../../../arm-none-eabi/lib/armv6k/fpu/libg.a(lib_a-svfprintf.o)
                                 0x44 (size before relaxing)
 *fill*         0x0011c542        0x2 
 .rodata.blanks.7036
                0x0011c544       0x10 /opt/devkitpro/devkitARM/lib/gcc/arm-none-eabi/4.9.2/../../../../arm-none-eabi/lib/armv6k/fpu/libg.a(lib_a-svfprintf.o)
 .rodata.str1.4
                0x0011c554       0x10 /opt/devkitpro/devkitARM/lib/gcc/arm-none-eabi/4.9.2/../../../../arm-none-eabi/lib/armv6k/fpu/libg.a(lib_a-dtoa.o)
                                 0x14 (size before relaxing)
 .rodata.str1.4
                0x0011c564      0x120 /opt/devkitpro/devkitARM/lib/gcc/arm-none-eabi/4.9.2/../../../../arm-none-eabi/lib/armv6k/fpu/libg.a(lib_a-locale.o)
                                0x130 (size before relaxing)
 .rodata.categories
                0x0011c684       0x1c /opt/devkitpro/devkitARM/lib/gcc/arm-none-eabi/4.9.2/../../../../arm-none-eabi/lib/armv6k/fpu/libg.a(lib_a-locale.o)
 .rodata.JIS_state_table
                0x0011c6a0       0x48 /opt/devkitpro/devkitARM/lib/gcc/arm-none-eabi/4.9.2/../../../../arm-none-eabi/lib/armv6k/fpu/libg.a(lib_a-mbtowc_r.o)
 .rodata.JIS_action_table
                0x0011c6e8       0x48 /opt/devkitpro/devkitARM/lib/gcc/arm-none-eabi/4.9.2/../../../../arm-none-eabi/lib/armv6k/fpu/libg.a(lib_a-mbtowc_r.o)
 .rodata.p05.5298
                0x0011c730        0xc /opt/devkitpro/devkitARM/lib/gcc/arm-none-eabi/4.9.2/../../../../arm-none-eabi/lib/armv6k/fpu/libg.a(lib_a-mprec.o)
 *fill*         0x0011c73c        0x4 
 .rodata.__mprec_tens
                0x0011c740       0xc8 /opt/devkitpro/devkitARM/lib/gcc/arm-none-eabi/4.9.2/../../../../arm-none-eabi/lib/armv6k/fpu/libg.a(lib_a-mprec.o)
                0x0011c740                __mprec_tens
 .rodata.__mprec_bigtens
                0x0011c808       0x28 /opt/devkitpro/devkitARM/lib/gcc/arm-none-eabi/4.9.2/../../../../arm-none-eabi/lib/armv6k/fpu/libg.a(lib_a-mprec.o)
                0x0011c808                __mprec_bigtens
 .rodata.__mprec_tinytens
                0x0011c830       0x28 /opt/devkitpro/devkitARM/lib/gcc/arm-none-eabi/4.9.2/../../../../arm-none-eabi/lib/armv6k/fpu/libg.a(lib_a-mprec.o)
                0x0011c830                __mprec_tinytens
 .rodata.__state_table
                0x0011c858       0x6c /opt/devkitpro/devkitARM/lib/gcc/arm-none-eabi/4.9.2/../../../../arm-none-eabi/lib/armv6k/fpu/libg.a(lib_a-svfiprintf.o)
                0x0011c858                __state_table
 .rodata.blanks.7015
                0x0011c8c4       0x10 /opt/devkitpro/devkitARM/lib/gcc/arm-none-eabi/4.9.2/../../../../arm-none-eabi/lib/armv6k/fpu/libg.a(lib_a-svfiprintf.o)
 .rodata.__chclass
                0x0011c8d4      0x100 /opt/devkitpro/devkitARM/lib/gcc/arm-none-eabi/4.9.2/../../../../arm-none-eabi/lib/armv6k/fpu/libg.a(lib_a-svfiprintf.o)
                0x0011c8d4                __chclass
 .rodata.str1.4
                0x0011c9d4       0x30 /opt/devkitpro/devkitARM/lib/gcc/arm-none-eabi/4.9.2/../../../../arm-none-eabi/lib/armv6k/fpu/libg.a(lib_a-svfiprintf.o)
 .rodata.__action_table
                0x0011c9d4       0x6c /opt/devkitpro/devkitARM/lib/gcc/arm-none-eabi/4.9.2/../../../../arm-none-eabi/lib/armv6k/fpu/libg.a(lib_a-svfiprintf.o)
                0x0011c9d4                __action_table
 .rodata.zeroes.7016
                0x0011ca40       0x10 /opt/devkitpro/devkitARM/lib/gcc/arm-none-eabi/4.9.2/../../../../arm-none-eabi/lib/armv6k/fpu/libg.a(lib_a-svfiprintf.o)
 .rodata._ctype_
                0x0011ca50      0x104 /opt/devkitpro/devkitARM/lib/gcc/arm-none-eabi/4.9.2/../../../../arm-none-eabi/lib/armv6k/fpu/libg.a(lib_a-ctype_.o)
                0x0011ca50                _ctype_
 .rodata.str1.4
                0x0011cb54        0x8 /opt/devkitpro/devkitARM/lib/gcc/arm-none-eabi/4.9.2/../../../../arm-none-eabi/lib/armv6k/fpu/libsysbase.a(iosupport.o)
 *all.rodata*(*)
 *(.gnu.linkonce.r*)
                0x0011cb5c                . = ALIGN (0x4)

.rel.dyn        0x0011cb5c        0x0
 .rel.iplt      0x0011cb5c        0x0 /opt/devkitpro/devkitARM/lib/gcc/arm-none-eabi/4.9.2/../../../../arm-none-eabi/lib/armv6k/fpu/3dsx_crt0.o

.ARM.extab
 *(.ARM.extab* .gnu.linkonce.armextab.*)
                0x0011cb5c                __exidx_start = .

ARM.exidx
 *(.ARM.exidx* .gnu.linkonce.armexidx.*)
                0x0011cb5c                __exidx_end = .

.data           0x0011d000     0x3b30
 *(.data)
 .data          0x0011d000        0x0 /opt/devkitpro/devkitARM/lib/gcc/arm-none-eabi/4.9.2/../../../../arm-none-eabi/lib/armv6k/fpu/3dsx_crt0.o
 .data          0x0011d000        0x0 /opt/devkitpro/devkitARM/lib/gcc/arm-none-eabi/4.9.2/armv6k/fpu/crti.o
 .data          0x0011d000        0x4 /opt/devkitpro/devkitARM/lib/gcc/arm-none-eabi/4.9.2/armv6k/fpu/crtbegin.o
                0x0011d000                __dso_handle
 .data          0x0011d004        0x0 main.o
 .data          0x0011d004        0xc /opt/devkitpro/libctru/lib/libctru.a(gfx.o)
 .data          0x0011d010        0x0 /opt/devkitpro/libctru/lib/libctru.a(apt.o)
 .data          0x0011d010        0x0 /opt/devkitpro/libctru/lib/libctru.a(gsp.o)
 .data          0x0011d010        0x0 /opt/devkitpro/libctru/lib/libctru.a(gx.o)
 .data          0x0011d010        0x0 /opt/devkitpro/libctru/lib/libctru.a(hid.o)
 .data          0x0011d010        0x0 /opt/devkitpro/libctru/lib/libctru.a(irrst.o)
 .data          0x0011d010        0x0 /opt/devkitpro/libctru/lib/libctru.a(initArgv.o)
 .data          0x0011d010        0x0 /opt/devkitpro/libctru/lib/libctru.a(initSystem.o)
 .data          0x0011d010        0x0 /opt/devkitpro/libctru/lib/libctru.a(svc.o)
 .data          0x0011d010        0x4 /opt/devkitpro/libctru/lib/libctru.a(stack_adjust.o)
                0x0011d010                __stacksize__
 .data          0x0011d014        0x0 /opt/devkitpro/libctru/lib/libctru.a(linear.o)
 .data          0x0011d014        0x0 /opt/devkitpro/libctru/lib/libctru.a(mappable.o)
 .data          0x0011d014        0x0 /opt/devkitpro/libctru/lib/libctru.a(mem_pool.o)
 .data          0x0011d014        0x0 /opt/devkitpro/libctru/lib/libctru.a(vram.o)
 .data          0x0011d014        0x0 /opt/devkitpro/libctru/lib/libctru.a(os.o)
 .data          0x0011d014       0x68 /opt/devkitpro/libctru/lib/libctru.a(romfs_dev.o)
 .data          0x0011d07c        0x0 /opt/devkitpro/libctru/lib/libctru.a(srv.o)
 .data          0x0011d07c        0x0 /opt/devkitpro/libctru/lib/libctru.a(cfgu.o)
 .data          0x0011d07c        0x0 /opt/devkitpro/libctru/lib/libctru.a(fs.o)
 .data          0x0011d07c        0x0 /opt/devkitpro/libctru/lib/libctru.a(ptm.o)
 .data          0x0011d07c        0x0 /opt/devkitpro/libctru/lib/libctru.a(rbtree_find.o)
 .data          0x0011d07c        0x0 /opt/devkitpro/libctru/lib/libctru.a(rbtree_init.o)
 .data          0x0011d07c        0x0 /opt/devkitpro/libctru/lib/libctru.a(rbtree_insert.o)
 .data          0x0011d07c        0x0 /opt/devkitpro/libctru/lib/libctru.a(rbtree_remove.o)
 .data          0x0011d07c        0x0 /opt/devkitpro/libctru/lib/libctru.a(rbtree_rotate.o)
 .data          0x0011d07c        0x0 /opt/devkitpro/libctru/lib/libctru.a(utf8_to_utf16.o)
 .data          0x0011d07c        0x0 /opt/devkitpro/libctru/lib/libctru.a(allocateHeaps.o)
 .data          0x0011d07c        0x0 /opt/devkitpro/libctru/lib/libctru.a(appExit.o)
 .data          0x0011d07c        0x0 /opt/devkitpro/libctru/lib/libctru.a(appInit.o)
 .data          0x0011d07c        0x0 /opt/devkitpro/libctru/lib/libctru.a(ctru_exit.o)
 .data          0x0011d07c     0x1084 /opt/devkitpro/libctru/lib/libctru.a(sdmc_dev.o)
 .data          0x0011e100        0x0 /opt/devkitpro/libctru/lib/libctru.a(rbtree_iterator.o)
 .data          0x0011e100        0x0 /opt/devkitpro/libctru/lib/libctru.a(decode_utf8.o)
 .data          0x0011e100        0x0 /opt/devkitpro/libctru/lib/libctru.a(encode_utf16.o)
 .data          0x0011e100        0x0 /opt/devkitpro/libctru/lib/libctru.a(utf16_to_utf8.o)
 .data          0x0011e100        0x0 /opt/devkitpro/libctru/lib/libctru.a(decode_utf16.o)
 .data          0x0011e100        0x0 /opt/devkitpro/libctru/lib/libctru.a(encode_utf8.o)
 .data          0x0011e100        0x0 /opt/devkitpro/devkitARM/lib/gcc/arm-none-eabi/4.9.2/../../../../arm-none-eabi/lib/armv6k/fpu/libm.a(lib_a-s_sin.o)
 .data          0x0011e100        0x0 /opt/devkitpro/devkitARM/lib/gcc/arm-none-eabi/4.9.2/../../../../arm-none-eabi/lib/armv6k/fpu/libm.a(lib_a-e_rem_pio2.o)
 .data          0x0011e100        0x0 /opt/devkitpro/devkitARM/lib/gcc/arm-none-eabi/4.9.2/../../../../arm-none-eabi/lib/armv6k/fpu/libm.a(lib_a-k_cos.o)
 .data          0x0011e100        0x0 /opt/devkitpro/devkitARM/lib/gcc/arm-none-eabi/4.9.2/../../../../arm-none-eabi/lib/armv6k/fpu/libm.a(lib_a-k_rem_pio2.o)
 .data          0x0011e100        0x0 /opt/devkitpro/devkitARM/lib/gcc/arm-none-eabi/4.9.2/../../../../arm-none-eabi/lib/armv6k/fpu/libm.a(lib_a-k_sin.o)
 .data          0x0011e100        0x0 /opt/devkitpro/devkitARM/lib/gcc/arm-none-eabi/4.9.2/../../../../arm-none-eabi/lib/armv6k/fpu/libm.a(lib_a-s_fabs.o)
 .data          0x0011e100        0x0 /opt/devkitpro/devkitARM/lib/gcc/arm-none-eabi/4.9.2/../../../../arm-none-eabi/lib/armv6k/fpu/libm.a(lib_a-s_floor.o)
 .data          0x0011e100        0x0 /opt/devkitpro/devkitARM/lib/gcc/arm-none-eabi/4.9.2/../../../../arm-none-eabi/lib/armv6k/fpu/libm.a(lib_a-s_scalbn.o)
 .data          0x0011e100        0x0 /opt/devkitpro/devkitARM/lib/gcc/arm-none-eabi/4.9.2/../../../../arm-none-eabi/lib/armv6k/fpu/libm.a(lib_a-s_copysign.o)
 .data          0x0011e100        0x0 /opt/devkitpro/devkitARM/lib/gcc/arm-none-eabi/4.9.2/armv6k/fpu/libgcc.a(_udivsi3.o)
 .data          0x0011e100        0x0 /opt/devkitpro/devkitARM/lib/gcc/arm-none-eabi/4.9.2/armv6k/fpu/libgcc.a(_dvmd_tls.o)
 .data          0x0011e100        0x0 /opt/devkitpro/devkitARM/lib/gcc/arm-none-eabi/4.9.2/../../../../arm-none-eabi/lib/armv6k/fpu/libg.a(lib_a-bsearch.o)
 .data          0x0011e100        0x0 /opt/devkitpro/devkitARM/lib/gcc/arm-none-eabi/4.9.2/../../../../arm-none-eabi/lib/armv6k/fpu/libg.a(lib_a-errno.o)
 .data          0x0011e100        0x0 /opt/devkitpro/devkitARM/lib/gcc/arm-none-eabi/4.9.2/../../../../arm-none-eabi/lib/armv6k/fpu/libg.a(lib_a-fclose.o)
 .data          0x0011e100        0x0 /opt/devkitpro/devkitARM/lib/gcc/arm-none-eabi/4.9.2/../../../../arm-none-eabi/lib/armv6k/fpu/libg.a(lib_a-fflush.o)
 .data          0x0011e100        0x0 /opt/devkitpro/devkitARM/lib/gcc/arm-none-eabi/4.9.2/../../../../arm-none-eabi/lib/armv6k/fpu/libg.a(lib_a-findfp.o)
 .data          0x0011e100        0x0 /opt/devkitpro/devkitARM/lib/gcc/arm-none-eabi/4.9.2/../../../../arm-none-eabi/lib/armv6k/fpu/libg.a(lib_a-fini.o)
 .data          0x0011e100        0x0 /opt/devkitpro/devkitARM/lib/gcc/arm-none-eabi/4.9.2/../../../../arm-none-eabi/lib/armv6k/fpu/libg.a(lib_a-fopen.o)
 .data          0x0011e100        0x0 /opt/devkitpro/devkitARM/lib/gcc/arm-none-eabi/4.9.2/../../../../arm-none-eabi/lib/armv6k/fpu/libg.a(lib_a-fread.o)
 .data          0x0011e100        0x0 /opt/devkitpro/devkitARM/lib/gcc/arm-none-eabi/4.9.2/../../../../arm-none-eabi/lib/armv6k/fpu/libg.a(lib_a-freer.o)
 .data          0x0011e100        0x0 /opt/devkitpro/devkitARM/lib/gcc/arm-none-eabi/4.9.2/../../../../arm-none-eabi/lib/armv6k/fpu/libg.a(lib_a-fseek.o)
 .data          0x0011e100        0x0 /opt/devkitpro/devkitARM/lib/gcc/arm-none-eabi/4.9.2/../../../../arm-none-eabi/lib/armv6k/fpu/libg.a(lib_a-fseeko.o)
 .data          0x0011e100        0x0 /opt/devkitpro/devkitARM/lib/gcc/arm-none-eabi/4.9.2/../../../../arm-none-eabi/lib/armv6k/fpu/libg.a(lib_a-fwalk.o)
 .data          0x0011e100        0x0 /opt/devkitpro/devkitARM/lib/gcc/arm-none-eabi/4.9.2/../../../../arm-none-eabi/lib/armv6k/fpu/libg.a(lib_a-impure.o)
 .data          0x0011e100        0x0 /opt/devkitpro/devkitARM/lib/gcc/arm-none-eabi/4.9.2/../../../../arm-none-eabi/lib/armv6k/fpu/libg.a(lib_a-init.o)
 .data          0x0011e100        0x0 /opt/devkitpro/devkitARM/lib/gcc/arm-none-eabi/4.9.2/../../../../arm-none-eabi/lib/armv6k/fpu/libg.a(lib_a-makebuf.o)
 .data          0x0011e100        0x0 /opt/devkitpro/devkitARM/lib/gcc/arm-none-eabi/4.9.2/../../../../arm-none-eabi/lib/armv6k/fpu/libg.a(lib_a-malloc.o)
 .data          0x0011e100        0x0 /opt/devkitpro/devkitARM/lib/gcc/arm-none-eabi/4.9.2/../../../../arm-none-eabi/lib/armv6k/fpu/libg.a(lib_a-mallocr.o)
 .data          0x0011e100        0x0 /opt/devkitpro/devkitARM/lib/gcc/arm-none-eabi/4.9.2/../../../../arm-none-eabi/lib/armv6k/fpu/libg.a(lib_a-memcmp.o)
 .data          0x0011e100        0x0 /opt/devkitpro/devkitARM/lib/gcc/arm-none-eabi/4.9.2/../../../../arm-none-eabi/lib/armv6k/fpu/libg.a(lib_a-memcpy.o)
 .data          0x0011e100        0x0 /opt/devkitpro/devkitARM/lib/gcc/arm-none-eabi/4.9.2/../../../../arm-none-eabi/lib/armv6k/fpu/libg.a(lib_a-memset.o)
 .data          0x0011e100        0x0 /opt/devkitpro/devkitARM/lib/gcc/arm-none-eabi/4.9.2/../../../../arm-none-eabi/lib/armv6k/fpu/libg.a(lib_a-mlock.o)
 .data          0x0011e100        0x0 /opt/devkitpro/devkitARM/lib/gcc/arm-none-eabi/4.9.2/../../../../arm-none-eabi/lib/armv6k/fpu/libg.a(lib_a-refill.o)
 .data          0x0011e100        0x0 /opt/devkitpro/devkitARM/lib/gcc/arm-none-eabi/4.9.2/../../../../arm-none-eabi/lib/armv6k/fpu/libg.a(lib_a-snprintf.o)
 .data          0x0011e100        0x0 /opt/devkitpro/devkitARM/lib/gcc/arm-none-eabi/4.9.2/../../../../arm-none-eabi/lib/armv6k/fpu/libg.a(lib_a-stdio.o)
 .data          0x0011e100        0x0 /opt/devkitpro/devkitARM/lib/gcc/arm-none-eabi/4.9.2/../../../../arm-none-eabi/lib/armv6k/fpu/libg.a(lib_a-strchr.o)
 .data          0x0011e100        0x0 /opt/devkitpro/devkitARM/lib/gcc/arm-none-eabi/4.9.2/../../../../arm-none-eabi/lib/armv6k/fpu/libg.a(lib_a-strcpy.o)
 .data          0x0011e100        0x0 /opt/devkitpro/devkitARM/lib/gcc/arm-none-eabi/4.9.2/../../../../arm-none-eabi/lib/armv6k/fpu/libg.a(lib_a-strlen.o)
 .data          0x0011e100        0x0 /opt/devkitpro/devkitARM/lib/gcc/arm-none-eabi/4.9.2/../../../../arm-none-eabi/lib/armv6k/fpu/libg.a(lib_a-strncat.o)
 .data          0x0011e100        0x0 /opt/devkitpro/devkitARM/lib/gcc/arm-none-eabi/4.9.2/../../../../arm-none-eabi/lib/armv6k/fpu/libg.a(lib_a-strncmp.o)
 .data          0x0011e100        0x0 /opt/devkitpro/devkitARM/lib/gcc/arm-none-eabi/4.9.2/../../../../arm-none-eabi/lib/armv6k/fpu/libg.a(lib_a-strncpy.o)
 .data          0x0011e100        0x0 /opt/devkitpro/devkitARM/lib/gcc/arm-none-eabi/4.9.2/../../../../arm-none-eabi/lib/armv6k/fpu/libg.a(lib_a-svfprintf.o)
 .data          0x0011e100        0x0 /opt/devkitpro/devkitARM/lib/gcc/arm-none-eabi/4.9.2/../../../../arm-none-eabi/lib/armv6k/fpu/libg.a(lib_a-wcrtomb.o)
 .data          0x0011e100        0x0 /opt/devkitpro/devkitARM/lib/gcc/arm-none-eabi/4.9.2/../../../../arm-none-eabi/lib/armv6k/fpu/libg.a(lib_a-wcsrtombs.o)
 .data          0x0011e100        0x0 /opt/devkitpro/devkitARM/lib/gcc/arm-none-eabi/4.9.2/../../../../arm-none-eabi/lib/armv6k/fpu/libg.a(lib_a-wctomb_r.o)
 .data          0x0011e100        0x0 /opt/devkitpro/devkitARM/lib/gcc/arm-none-eabi/4.9.2/../../../../arm-none-eabi/lib/armv6k/fpu/libg.a(lib_a-dtoa.o)
 .data          0x0011e100        0x0 /opt/devkitpro/devkitARM/lib/gcc/arm-none-eabi/4.9.2/../../../../arm-none-eabi/lib/armv6k/fpu/libg.a(lib_a-flags.o)
 .data          0x0011e100        0x0 /opt/devkitpro/devkitARM/lib/gcc/arm-none-eabi/4.9.2/../../../../arm-none-eabi/lib/armv6k/fpu/libg.a(lib_a-locale.o)
 .data          0x0011e100        0x0 /opt/devkitpro/devkitARM/lib/gcc/arm-none-eabi/4.9.2/../../../../arm-none-eabi/lib/armv6k/fpu/libg.a(lib_a-mbtowc_r.o)
 .data          0x0011e100        0x0 /opt/devkitpro/devkitARM/lib/gcc/arm-none-eabi/4.9.2/../../../../arm-none-eabi/lib/armv6k/fpu/libg.a(lib_a-memchr.o)
 .data          0x0011e100        0x0 /opt/devkitpro/devkitARM/lib/gcc/arm-none-eabi/4.9.2/../../../../arm-none-eabi/lib/armv6k/fpu/libg.a(lib_a-mprec.o)
 .data          0x0011e100        0x0 /opt/devkitpro/devkitARM/lib/gcc/arm-none-eabi/4.9.2/../../../../arm-none-eabi/lib/armv6k/fpu/libg.a(lib_a-s_fpclassify.o)
 .data          0x0011e100        0x0 /opt/devkitpro/devkitARM/lib/gcc/arm-none-eabi/4.9.2/../../../../arm-none-eabi/lib/armv6k/fpu/libg.a(lib_a-s_frexp.o)
 .data          0x0011e100        0x0 /opt/devkitpro/devkitARM/lib/gcc/arm-none-eabi/4.9.2/../../../../arm-none-eabi/lib/armv6k/fpu/libg.a(lib_a-strcasecmp.o)
 .data          0x0011e100        0x0 /opt/devkitpro/devkitARM/lib/gcc/arm-none-eabi/4.9.2/../../../../arm-none-eabi/lib/armv6k/fpu/libg.a(lib_a-strcat.o)
 .data          0x0011e100        0x0 /opt/devkitpro/devkitARM/lib/gcc/arm-none-eabi/4.9.2/../../../../arm-none-eabi/lib/armv6k/fpu/libg.a(lib_a-strcmp.o)
 .data          0x0011e100        0x0 /opt/devkitpro/devkitARM/lib/gcc/arm-none-eabi/4.9.2/../../../../arm-none-eabi/lib/armv6k/fpu/libg.a(lib_a-strlcpy.o)
 .data          0x0011e100        0x0 /opt/devkitpro/devkitARM/lib/gcc/arm-none-eabi/4.9.2/../../../../arm-none-eabi/lib/armv6k/fpu/libg.a(lib_a-strncasecmp.o)
 .data          0x0011e100        0x0 /opt/devkitpro/devkitARM/lib/gcc/arm-none-eabi/4.9.2/../../../../arm-none-eabi/lib/armv6k/fpu/libg.a(lib_a-strtol.o)